2025-08-28T13:18:27.748Z error: AppExc: 3001:argument absent["text"]
2025-08-29T14:48:30.624Z error: TestAuth : 2025-08-29T14:47:39.349Z : TypeError: Cannot read properties of undefined (reading 'transac')
2025-10-04T12:53:37.199Z error: GetSrvStatus : 2025-10-04T12:53:37.023Z : TypeError: Cannot set properties of undefined (setting 'now')
2025-10-04T12:56:05.864Z error: GetSrvStatus : 2025-10-04T12:54:15.390Z : TypeError: Cannot set properties of undefined (setting 'now')
2025-10-04T12:58:58.205Z error: Op.run.phase2 - DB error - SQLITE_ERROR
ON CONFLICT clause does not match any PRIMARY KEY or UNIQUE constraint
SqliteError: ON CONFLICT clause does not match any PRIMARY KEY or UNIQUE constraint
    at Database.prepare (D:\git\asocial2-srv\node_modules\better-sqlite3\lib\methods\wrappers.js:5:21)
    at AppSQLiteConnexion.setSrvStatus (D:\git\asocial2-srv\src-sqlite\index.ts:184:27)
    at SetSrvStatus.phase2 (D:\git\asocial2-srv\src-fw\operations.ts:83:37)
    at SetSrvStatus.transac (D:\git\asocial2-srv\src-fw\operation.ts:136:16)
    at process.processTicksAndRejections (node:internal/process/task_queues:105:5)
    at async AppSQLiteConnexion.doTransaction (D:\git\asocial2-srv\src-sqlite\index.ts:193:7)
    at async SetSrvStatus.run (D:\git\asocial2-srv\src-fw\operation.ts:156:30)
    at async doOp (D:\git\asocial2-srv\src-fw\index.ts:225:5)
    at async IncomingMessage.<anonymous> (D:\git\asocial2-srv\src-fw\index.ts:119:9)
ROLLBACK
BEGIN
PRAGMA journal_mode = WAL
2025-10-04T12:59:26.317Z error: SetSrvStatus : 2025-10-04T12:58:52.875Z : AppExc: 11:DB error@SetSrvStatus:["SQLITE_ERROR\nON CONFLICT clause does not match any PRIMARY KEY or UNIQUE constraint\nSqliteError: ON CONFLICT clause does not match any PRIMARY KEY or UNIQUE constraint\n    at Database.prepare (D:\\git\\asocial2-srv\\node_modules\\better-sqlite3\\lib\\methods\\wrappers.js:5:21)\n    at AppSQLiteConnexion.setSrvStatus (D:\\git\\asocial2-srv\\src-sqlite\\index.ts:184:27)\n    at SetSrvStatus.phase2 (D:\\git\\asocial2-srv\\src-fw\\operations.ts:83:37)\n    at SetSrvStatus.transac (D:\\git\\asocial2-srv\\src-fw\\operation.ts:136:16)\n    at process.processTicksAndRejections (node:internal/process/task_queues:105:5)\n    at async AppSQLiteConnexion.doTransaction (D:\\git\\asocial2-srv\\src-sqlite\\index.ts:193:7)\n    at async SetSrvStatus.run (D:\\git\\asocial2-srv\\src-fw\\operation.ts:156:30)\n    at async doOp (D:\\git\\asocial2-srv\\src-fw\\index.ts:225:5)\n    at async IncomingMessage.<anonymous> (D:\\git\\asocial2-srv\\src-fw\\index.ts:119:9)\nROLLBACK\nBEGIN\nPRAGMA journal_mode = WAL"]
2025-10-04T13:02:21.743Z error: Op.run.phase2 - DB error - SQLITE_ERROR
ON CONFLICT clause does not match any PRIMARY KEY or UNIQUE constraint
SqliteError: ON CONFLICT clause does not match any PRIMARY KEY or UNIQUE constraint
    at Database.prepare (D:\git\asocial2-srv\node_modules\better-sqlite3\lib\methods\wrappers.js:5:21)
    at AppSQLiteConnexion.setSrvStatus (D:\git\asocial2-srv\src-sqlite\index.ts:184:27)
    at SetSrvStatus.phase2 (D:\git\asocial2-srv\src-fw\operations.ts:83:37)
    at SetSrvStatus.transac (D:\git\asocial2-srv\src-fw\operation.ts:136:16)
    at process.processTicksAndRejections (node:internal/process/task_queues:105:5)
    at async AppSQLiteConnexion.doTransaction (D:\git\asocial2-srv\src-sqlite\index.ts:193:7)
    at async SetSrvStatus.run (D:\git\asocial2-srv\src-fw\operation.ts:156:30)
    at async doOp (D:\git\asocial2-srv\src-fw\index.ts:225:5)
    at async IncomingMessage.<anonymous> (D:\git\asocial2-srv\src-fw\index.ts:119:9)
ROLLBACK
BEGIN
PRAGMA journal_mode = WAL
2025-10-04T13:02:55.032Z error: SetSrvStatus : 2025-10-04T13:02:18.084Z : AppExc: 11:DB error@SetSrvStatus:["SQLITE_ERROR\nON CONFLICT clause does not match any PRIMARY KEY or UNIQUE constraint\nSqliteError: ON CONFLICT clause does not match any PRIMARY KEY or UNIQUE constraint\n    at Database.prepare (D:\\git\\asocial2-srv\\node_modules\\better-sqlite3\\lib\\methods\\wrappers.js:5:21)\n    at AppSQLiteConnexion.setSrvStatus (D:\\git\\asocial2-srv\\src-sqlite\\index.ts:184:27)\n    at SetSrvStatus.phase2 (D:\\git\\asocial2-srv\\src-fw\\operations.ts:83:37)\n    at SetSrvStatus.transac (D:\\git\\asocial2-srv\\src-fw\\operation.ts:136:16)\n    at process.processTicksAndRejections (node:internal/process/task_queues:105:5)\n    at async AppSQLiteConnexion.doTransaction (D:\\git\\asocial2-srv\\src-sqlite\\index.ts:193:7)\n    at async SetSrvStatus.run (D:\\git\\asocial2-srv\\src-fw\\operation.ts:156:30)\n    at async doOp (D:\\git\\asocial2-srv\\src-fw\\index.ts:225:5)\n    at async IncomingMessage.<anonymous> (D:\\git\\asocial2-srv\\src-fw\\index.ts:119:9)\nROLLBACK\nBEGIN\nPRAGMA journal_mode = WAL"]
2025-10-08T08:42:54.027Z error: AppExc: 3001:unexpected exception["KO"]
2025-10-08T08:47:22.806Z error: AppExc: 3001:unexpected exception["KO"]
2025-10-08T09:52:09.109Z error: AppExc: 3001:unexpected exception["KO"]
2025-12-17T10:38:41.529Z error: AppExc: 3001:unexpected exception["op.disconnect is not a function"]
2025-12-17T14:41:52.033Z error: AppExc: 3001:unexpected exception["The first argument must be of type string or an instance of Buffer, ArrayBuffer, or Array or an Array-like Object. Received undefined"]
2025-12-17T14:44:45.032Z error: AppExc: 3001:unexpected exception["The first argument must be of type string or an instance of Buffer, ArrayBuffer, or Array or an Array-like Object. Received undefined"]
2025-12-18T13:16:34.357Z error: AppExc: 3001:unexpected exception["no such column: p0"]
2025-12-18T13:20:00.478Z error: AppExc: 3001:unexpected exception["Unsupported state or unable to authenticate data"]
2025-12-18T13:25:15.814Z error: AppExc: 3001:unexpected exception["Missing named parameter \"hro\""]
2025-12-20T14:37:39.624Z error: AppExc: 3001:unexpected exception["The first argument must be of type string or an instance of Buffer, ArrayBuffer, or Array or an Array-like Object. Received undefined"]
2026-01-10T11:15:03.778Z error: AppExc: 3001:unexpected exception["Cannot read properties of undefined (reading 'userId')"]
2026-01-10T11:18:32.095Z error: AppExc: 3001:unexpected exception["Cannot read properties of undefined (reading 'userId')"]
2026-01-18T18:32:02.960Z error: AppExc: 3001:unexpected exception["The first argument must be of type string or an instance of Buffer, ArrayBuffer, or Array or an Array-like Object. Received undefined"]
2026-01-18T18:36:31.235Z error: AppExc: 3001:unexpected exception["The first argument must be of type string or an instance of Buffer, ArrayBuffer, or Array or an Array-like Object. Received undefined"]
2026-01-30T15:44:15.448Z error: AppExc: 3001:unexpected exception["(intermediate value) is not iterable"]
2026-01-30T15:47:33.971Z error: AppExc: 3001:unexpected exception["(intermediate value) is not iterable"]
2026-01-30T15:48:58.395Z error: AppExc: 3001:unexpected exception["(intermediate value) is not iterable"]
2026-01-30T15:51:32.121Z error: AppExc: 3001:unexpected exception["(intermediate value) is not iterable"]
2026-01-31T13:26:10.904Z error: GetSrvStatus : 2026-01-31T13:26:10.900Z : TypeError: Cannot read properties of null (reading 'getConnexion')
2026-01-31T13:26:10.910Z error: AppExc: 3001:unexpected exception["Cannot read properties of null (reading 'getConnexion')"]
2026-01-31T13:33:49.547Z error: GetSrvStatus : 2026-01-31T13:33:08.934Z : TypeError: Cannot read properties of null (reading 'getConnexion')
2026-01-31T13:33:49.552Z error: AppExc: 3001:unexpected exception["Cannot read properties of null (reading 'getConnexion')"]
2026-01-31T14:03:31.451Z error: Op.run.phase2 - DB error - SQLITE_ERROR
no such column: pk
SqliteError: no such column: pk
    at Database.prepare (D:\git\asocial2-srv\node_modules\better-sqlite3\lib\methods\wrappers.js:5:21)
    at AppSQLiteConnexion.setSingleton (D:\git\asocial2-srv\src-sqlite\index.ts:350:27)
    at SetSrvStatus.phase2 (D:\git\asocial2-srv\src-fw\operations.ts:89:19)
    at SetSrvStatus.transac (D:\git\asocial2-srv\src-fw\operation.ts:138:16)
    at process.processTicksAndRejections (node:internal/process/task_queues:105:5)
    at async AppSQLiteConnexion.doTransaction (D:\git\asocial2-srv\src-sqlite\index.ts:379:7)
    at async SetSrvStatus.run (D:\git\asocial2-srv\src-fw\operation.ts:158:30)
    at async doOp (D:\git\asocial2-srv\src-fw\index.ts:358:5)
    at async IncomingMessage.<anonymous> (D:\git\asocial2-srv\src-fw\index.ts:199:9)
ROLLBACK
BEGIN
PRAGMA journal_mode = WAL
2026-01-31T14:03:31.458Z error: SetSrvStatus : 2026-01-31T14:03:10.679Z : AppExc: 11:DB error@SetSrvStatus:["SQLITE_ERROR\nno such column: pk\nSqliteError: no such column: pk\n    at Database.prepare (D:\\git\\asocial2-srv\\node_modules\\better-sqlite3\\lib\\methods\\wrappers.js:5:21)\n    at AppSQLiteConnexion.setSingleton (D:\\git\\asocial2-srv\\src-sqlite\\index.ts:350:27)\n    at SetSrvStatus.phase2 (D:\\git\\asocial2-srv\\src-fw\\operations.ts:89:19)\n    at SetSrvStatus.transac (D:\\git\\asocial2-srv\\src-fw\\operation.ts:138:16)\n    at process.processTicksAndRejections (node:internal/process/task_queues:105:5)\n    at async AppSQLiteConnexion.doTransaction (D:\\git\\asocial2-srv\\src-sqlite\\index.ts:379:7)\n    at async SetSrvStatus.run (D:\\git\\asocial2-srv\\src-fw\\operation.ts:158:30)\n    at async doOp (D:\\git\\asocial2-srv\\src-fw\\index.ts:358:5)\n    at async IncomingMessage.<anonymous> (D:\\git\\asocial2-srv\\src-fw\\index.ts:199:9)\nROLLBACK\nBEGIN\nPRAGMA journal_mode = WAL"]
2026-02-05T17:23:54.078Z error: AppExc: 3001:unexpected exception["x.replace is not a function"]
2026-02-06T10:46:30.979Z error: AppExc: 3001:unexpected exception["x.replace is not a function"]
2026-02-10T13:33:36.696Z error: AppExc: 3001:unexpected exception["x.replace is not a function"]
2026-02-10T13:41:10.808Z error: AppExc: 3001:unexpected exception["x.replace is not a function"]
2026-02-17T15:00:58.518Z error: SetSrvStatus : 2026-02-17T15:00:19.198Z : TypeError: r is not iterable
2026-02-17T15:00:58.530Z error: AppExc: 3001:unexpected exception["r is not iterable"]
2026-02-17T15:04:31.698Z error: SetSrvStatus : 2026-02-17T15:02:38.142Z : AppExc: 1005:NON validated credential@SetSrvStatus:["*","admin",""]
2026-02-17T15:05:52.378Z error: SetSrvStatus : 2026-02-17T15:05:29.813Z : TypeError: r is not iterable
2026-02-17T15:05:52.400Z error: AppExc: 3001:unexpected exception["r is not iterable"]
2026-02-17T15:41:11.131Z error: Op.run.phase2 - DB lock - SQLITE_BUSY
database is locked
SqliteError: database is locked
    at AppSQLiteConnexion.setSingleton (D:\git\asocial2-srv\src-sqlite\index.ts:372:22)
    at SetSrvStatus.phase2 (D:\git\asocial2-srv\src-fw\operations.ts:78:19)
    at SetSrvStatus.transac (D:\git\asocial2-srv\src-fw\operation.ts:142:16)
    at async AppSQLiteConnexion.doTransaction (D:\git\asocial2-srv\src-sqlite\index.ts:383:7)
    at async SetSrvStatus.run (D:\git\asocial2-srv\src-fw\operation.ts:162:30)
    at async doOp (D:\git\asocial2-srv\src-fw\index.ts:358:5)
    at async IncomingMessage.<anonymous> (D:\git\asocial2-srv\src-fw\index.ts:199:9)
ROLLBACK
INSERT INTO SINGLETONS (key, value) VALUES ('status', '{"at":1771342865704,"st":2,"txt"'/*+10 bytes*/) ON CONFLICT (key) DO UPDATE SET value = excluded.value
BEGIN
2026-02-17T15:41:11.135Z error: SetSrvStatus : 2026-02-17T15:41:05.678Z : AppExc: 10:DB lock@SetSrvStatus:["SQLITE_BUSY\ndatabase is locked\nSqliteError: database is locked\n    at AppSQLiteConnexion.setSingleton (D:\\git\\asocial2-srv\\src-sqlite\\index.ts:372:22)\n    at SetSrvStatus.phase2 (D:\\git\\asocial2-srv\\src-fw\\operations.ts:78:19)\n    at SetSrvStatus.transac (D:\\git\\asocial2-srv\\src-fw\\operation.ts:142:16)\n    at async AppSQLiteConnexion.doTransaction (D:\\git\\asocial2-srv\\src-sqlite\\index.ts:383:7)\n    at async SetSrvStatus.run (D:\\git\\asocial2-srv\\src-fw\\operation.ts:162:30)\n    at async doOp (D:\\git\\asocial2-srv\\src-fw\\index.ts:358:5)\n    at async IncomingMessage.<anonymous> (D:\\git\\asocial2-srv\\src-fw\\index.ts:199:9)\nROLLBACK\nINSERT INTO SINGLETONS (key, value) VALUES ('status', '{\"at\":1771342865704,\"st\":2,\"txt\"'/*+10 bytes*/) ON CONFLICT (key) DO UPDATE SET value = excluded.value\nBEGIN"]
2026-02-17T15:43:11.792Z error: Op.run.phase2 - DB lock - SQLITE_BUSY
database is locked
SqliteError: database is locked
    at AppSQLiteConnexion.setSingleton (D:\git\asocial2-srv\src-sqlite\index.ts:372:22)
    at SetSrvStatus.phase2 (D:\git\asocial2-srv\src-fw\operations.ts:78:19)
    at SetSrvStatus.transac (D:\git\asocial2-srv\src-fw\operation.ts:142:16)
    at async AppSQLiteConnexion.doTransaction (D:\git\asocial2-srv\src-sqlite\index.ts:383:7)
    at async SetSrvStatus.run (D:\git\asocial2-srv\src-fw\operation.ts:162:30)
    at async doOp (D:\git\asocial2-srv\src-fw\index.ts:358:5)
    at async IncomingMessage.<anonymous> (D:\git\asocial2-srv\src-fw\index.ts:199:9)
ROLLBACK
INSERT INTO SINGLETONS (key, value) VALUES ('status', '{"at":1771342986420,"st":2,"txt"'/*+10 bytes*/) ON CONFLICT (key) DO UPDATE SET value = excluded.value
BEGIN
2026-02-17T15:43:11.799Z error: SetSrvStatus : 2026-02-17T15:43:06.402Z : AppExc: 10:DB lock@SetSrvStatus:["SQLITE_BUSY\ndatabase is locked\nSqliteError: database is locked\n    at AppSQLiteConnexion.setSingleton (D:\\git\\asocial2-srv\\src-sqlite\\index.ts:372:22)\n    at SetSrvStatus.phase2 (D:\\git\\asocial2-srv\\src-fw\\operations.ts:78:19)\n    at SetSrvStatus.transac (D:\\git\\asocial2-srv\\src-fw\\operation.ts:142:16)\n    at async AppSQLiteConnexion.doTransaction (D:\\git\\asocial2-srv\\src-sqlite\\index.ts:383:7)\n    at async SetSrvStatus.run (D:\\git\\asocial2-srv\\src-fw\\operation.ts:162:30)\n    at async doOp (D:\\git\\asocial2-srv\\src-fw\\index.ts:358:5)\n    at async IncomingMessage.<anonymous> (D:\\git\\asocial2-srv\\src-fw\\index.ts:199:9)\nROLLBACK\nINSERT INTO SINGLETONS (key, value) VALUES ('status', '{\"at\":1771342986420,\"st\":2,\"txt\"'/*+10 bytes*/) ON CONFLICT (key) DO UPDATE SET value = excluded.value\nBEGIN"]
2026-02-17T15:48:37.307Z error: Op.run.phase2 - DB lock - SQLITE_BUSY
database is locked
SqliteError: database is locked
    at AppSQLiteConnexion.setSingleton (D:\git\asocial2-srv\src-sqlite\index.ts:372:22)
    at SetSrvStatus.phase2 (D:\git\asocial2-srv\src-fw\operations.ts:78:19)
    at SetSrvStatus.transac (D:\git\asocial2-srv\src-fw\operation.ts:142:16)
    at async AppSQLiteConnexion.doTransaction (D:\git\asocial2-srv\src-sqlite\index.ts:383:7)
    at async SetSrvStatus.run (D:\git\asocial2-srv\src-fw\operation.ts:162:30)
    at async doOp (D:\git\asocial2-srv\src-fw\index.ts:358:5)
    at async IncomingMessage.<anonymous> (D:\git\asocial2-srv\src-fw\index.ts:199:9)
ROLLBACK
INSERT INTO SINGLETONS (key, value) VALUES ('status', '{"at":1771343311873,"st":2,"txt"'/*+10 bytes*/) ON CONFLICT (key) DO UPDATE SET value = excluded.value
BEGIN
2026-02-17T15:48:37.311Z error: SetSrvStatus : 2026-02-17T15:48:31.855Z : AppExc: 10:DB lock@SetSrvStatus:["SQLITE_BUSY\ndatabase is locked\nSqliteError: database is locked\n    at AppSQLiteConnexion.setSingleton (D:\\git\\asocial2-srv\\src-sqlite\\index.ts:372:22)\n    at SetSrvStatus.phase2 (D:\\git\\asocial2-srv\\src-fw\\operations.ts:78:19)\n    at SetSrvStatus.transac (D:\\git\\asocial2-srv\\src-fw\\operation.ts:142:16)\n    at async AppSQLiteConnexion.doTransaction (D:\\git\\asocial2-srv\\src-sqlite\\index.ts:383:7)\n    at async SetSrvStatus.run (D:\\git\\asocial2-srv\\src-fw\\operation.ts:162:30)\n    at async doOp (D:\\git\\asocial2-srv\\src-fw\\index.ts:358:5)\n    at async IncomingMessage.<anonymous> (D:\\git\\asocial2-srv\\src-fw\\index.ts:199:9)\nROLLBACK\nINSERT INTO SINGLETONS (key, value) VALUES ('status', '{\"at\":1771343311873,\"st\":2,\"txt\"'/*+10 bytes*/) ON CONFLICT (key) DO UPDATE SET value = excluded.value\nBEGIN"]
2026-02-21T10:51:07.935Z error: AppExc: 3001:unexpected exception["database is locked"]
2026-02-21T14:48:01.350Z error: AppExc: 3001:unexpected exception["table SAFE has no column named pemC"]
2026-02-24T18:46:52.183Z error: AppExc: 3001:unexpected exception["Offset is outside the bounds of the DataView"]
2026-02-25T14:09:39.606Z error: GetSvcOrgStatus : 2026-02-25T14:09:39.596Z : TypeError: Cannot read properties of undefined (reading 'row')
2026-02-25T14:09:39.633Z error: AppExc: 3001:unexpected exception["Cannot read properties of undefined (reading 'row')"]
2026-02-25T14:10:19.812Z error: GetSvcOrgStatus : 2026-02-25T14:10:19.806Z : TypeError: Cannot read properties of undefined (reading 'row')
2026-02-25T14:10:19.823Z error: AppExc: 3001:unexpected exception["Cannot read properties of undefined (reading 'row')"]
2026-02-25T14:11:45.068Z error: GetSvcOrgStatus : 2026-02-25T14:11:19.737Z : TypeError: Cannot read properties of undefined (reading 'row')
2026-02-25T14:11:45.070Z error: AppExc: 3001:unexpected exception["Cannot read properties of undefined (reading 'row')"]
2026-02-26T14:20:29.134Z error: SetSvcOpStatus : 2026-02-26T14:18:56.600Z : TypeError: Cannot read properties of undefined (reading 'status')
2026-02-26T14:20:29.138Z error: AppExc: 3001:unexpected exception["Cannot read properties of undefined (reading 'status')"]
2026-02-26T14:24:06.773Z error: SetSvcOpStatus : 2026-02-26T14:22:50.167Z : TypeError: Cannot read properties of undefined (reading 'status')
2026-02-26T14:24:06.776Z error: AppExc: 3001:unexpected exception["Cannot read properties of undefined (reading 'status')"]
2026-02-26T14:27:16.309Z error: SetSvcOpStatus : 2026-02-26T14:26:37.788Z : TypeError: Cannot read properties of undefined (reading 'status')
2026-02-26T14:27:16.313Z error: AppExc: 3001:unexpected exception["Cannot read properties of undefined (reading 'status')"]
2026-02-27T12:08:57.323Z error: AppExc: 3001:unexpected exception["Cannot read properties of null (reading '0')"]
2026-02-27T12:42:26.840Z error: AppExc: 3001:unexpected exception["no such column: excluded.c"]
2026-03-01T09:25:36.127Z error: AppExc: 3001:unexpected exception["no such column: hct"]
2026-03-01T10:05:29.789Z error: AppExc: 3003:masterdir error["$GetPubKeys","fetch failed"]
2026-03-01T10:05:54.010Z error: SvcOpIsAdmin : 2026-03-01T10:04:53.160Z : AppExc: 3003:masterdir error["$GetPubKeys","fetch failed"]
2026-03-01T10:09:51.512Z error: AppExc: 3003:masterdir error["$GetPubKeys","fetch failed"]
2026-03-01T10:09:51.516Z error: SvcOpIsAdmin : 2026-03-01T10:07:06.938Z : AppExc: 3003:masterdir error["$GetPubKeys","fetch failed"]
2026-03-01T10:13:43.798Z error: AppExc: 3003:masterdir error["$GetPubKeys","fetch failed"]
2026-03-01T10:13:43.801Z error: SvcOpIsAdmin : 2026-03-01T10:11:58.317Z : AppExc: 3003:masterdir error["$GetPubKeys","fetch failed"]
2026-03-01T10:15:58.712Z error: AppExc: 3003:masterdir error["$GetPubKeys","fetch failed"]
2026-03-01T10:15:58.715Z error: SvcOpIsAdmin : 2026-03-01T10:15:31.017Z : AppExc: 3003:masterdir error["$GetPubKeys","fetch failed"]
2026-03-01T10:17:58.735Z error: SvcOpIsAdmin : 2026-03-01T10:16:46.834Z : TypeError: Failed to execute 'verify' on 'SubtleCrypto': 3rd argument is not instance of ArrayBuffer, Buffer, TypedArray, or DataView.
2026-03-01T10:17:58.749Z error: AppExc: 3001:unexpected exception["Failed to execute 'verify' on 'SubtleCrypto': 3rd argument is not instance of ArrayBuffer, Buffer, TypedArray, or DataView."]
2026-03-01T10:20:24.918Z error: SvcOpIsAdmin : 2026-03-01T10:19:46.866Z : TypeError: Failed to execute 'verify' on 'SubtleCrypto': 3rd argument is not instance of ArrayBuffer, Buffer, TypedArray, or DataView.
2026-03-01T10:20:24.922Z error: AppExc: 3001:unexpected exception["Failed to execute 'verify' on 'SubtleCrypto': 3rd argument is not instance of ArrayBuffer, Buffer, TypedArray, or DataView."]
2026-03-01T13:30:36.783Z error: SetSvcOpStatus : 2026-03-01T13:30:36.508Z : AppExc: 2007:admin required@SetSvcOpStatus:[]
2026-03-01T13:34:40.752Z error: SetSvcOpStatus : 2026-03-01T13:34:34.849Z : AppExc: 2007:admin required@SetSvcOpStatus:[]
2026-03-01T13:55:02.260Z error: GetSvcOrgStatus : 2026-03-01T13:54:40.051Z : TypeError: Cannot read properties of undefined (reading 'row')
2026-03-01T13:55:02.263Z error: AppExc: 3001:unexpected exception["Cannot read properties of undefined (reading 'row')"]
2026-03-01T16:17:37.284Z error: SetSvcOrgStatus : 2026-03-01T16:16:51.760Z : TypeError: dt.colls is not iterable
2026-03-01T16:17:37.403Z error: AppExc: 3001:unexpected exception["dt.colls is not iterable"]
2026-03-01T16:23:21.215Z error: SetSvcOrgStatus : 2026-03-01T16:22:36.436Z : TypeError: Cannot read properties of undefined (reading 'writeRow')
2026-03-01T16:23:21.218Z error: AppExc: 3001:unexpected exception["Cannot read properties of undefined (reading 'writeRow')"]
2026-03-01T16:29:54.806Z error: SetSvcOrgStatus : 2026-03-01T16:29:24.803Z : TypeError: doc.docType.colls is not iterable
2026-03-01T16:50:49.333Z error: GetSvcOrgStatus : 2026-03-01T16:50:49.329Z : TypeError: Cannot read properties of undefined (reading 'v')
2026-03-01T16:50:49.348Z error: AppExc: 3001:unexpected exception["Cannot read properties of undefined (reading 'v')"]
2026-03-05T18:49:29.310Z error: GrantNewManager : 2026-03-05T18:48:28.063Z : TypeError: Cannot read properties of null (reading '_status')
2026-03-05T18:49:29.371Z error: AppExc: 3001:unexpected exception["Cannot read properties of null (reading '_status')"]
2026-03-06T16:50:08.277Z error: ListManagers : 2026-03-06T16:49:39.131Z : TypeError: Cannot read properties of null (reading '0')
2026-03-06T16:50:08.281Z error: AppExc: 3001:unexpected exception["Cannot read properties of null (reading '0')"]
2026-03-06T16:51:11.150Z error: ListManagers : 2026-03-06T16:50:44.060Z : TypeError: Cannot read properties of null (reading '0')
2026-03-06T16:51:11.153Z error: AppExc: 3001:unexpected exception["Cannot read properties of null (reading '0')"]
2026-03-06T17:04:20.912Z error: GrantNewManager : 2026-03-06T17:03:40.792Z : Error: Unsupported state or unable to authenticate data
2026-03-06T17:04:20.914Z error: AppExc: 3001:unexpected exception["Unsupported state or unable to authenticate data"]
2026-03-06T17:08:40.983Z error: GrantNewManager : 2026-03-06T17:05:23.308Z : Error: Unsupported state or unable to authenticate data
2026-03-06T17:08:40.986Z error: AppExc: 3001:unexpected exception["Unsupported state or unable to authenticate data"]
2026-03-06T17:10:55.988Z error: GrantNewManager : 2026-03-06T17:09:08.321Z : Error: Unsupported state or unable to authenticate data
2026-03-06T17:10:55.991Z error: AppExc: 3001:unexpected exception["Unsupported state or unable to authenticate data"]
2026-03-06T17:14:09.725Z error: GrantNewManager : 2026-03-06T17:13:11.697Z : Error: Unsupported state or unable to authenticate data
2026-03-06T17:14:09.729Z error: AppExc: 3001:unexpected exception["Unsupported state or unable to authenticate data"]
2026-03-06T17:19:00.720Z error: AppExc: 3001:unexpected exception["database is locked"]
2026-03-06T17:25:29.815Z error: GrantNewManager : 2026-03-06T17:25:09.492Z : Error: Unsupported state or unable to authenticate data
2026-03-06T17:25:29.819Z error: AppExc: 3001:unexpected exception["Unsupported state or unable to authenticate data"]
2026-03-06T18:00:42.649Z error: ListManagers : 2026-03-06T17:57:17.442Z : TypeError: Cannot read properties of null (reading '0')
2026-03-06T18:00:42.668Z error: AppExc: 3001:unexpected exception["Cannot read properties of null (reading '0')"]
2026-03-06T18:02:07.130Z error: ListManagers : 2026-03-06T18:00:56.086Z : TypeError: Cannot read properties of null (reading '0')
2026-03-06T18:02:07.134Z error: AppExc: 3001:unexpected exception["Cannot read properties of null (reading '0')"]
2026-03-06T18:03:25.008Z error: ListManagers : 2026-03-06T18:02:56.599Z : TypeError: Cannot read properties of null (reading '0')
2026-03-06T18:03:25.011Z error: AppExc: 3001:unexpected exception["Cannot read properties of null (reading '0')"]
2026-03-07T08:46:38.253Z error: GetSvcOrgStatus : 2026-03-07T08:46:38.246Z : DecodeError: The type of key must be string or number but object
2026-03-07T08:46:38.260Z error: AppExc: 3001:unexpected exception["The type of key must be string or number but object"]
2026-03-07T08:48:09.655Z error: GetSvcOrgStatus : 2026-03-07T08:48:09.651Z : DecodeError: The type of key must be string or number but object
2026-03-07T08:48:09.657Z error: AppExc: 3001:unexpected exception["The type of key must be string or number but object"]
2026-03-07T08:56:17.911Z error: GetSvcOrgStatus : 2026-03-07T08:49:22.979Z : DecodeError: The type of key must be string or number but object
2026-03-07T08:56:17.914Z error: AppExc: 3001:unexpected exception["The type of key must be string or number but object"]
2026-03-07T09:26:52.842Z error: GetSvcOrgStatus : 2026-03-07T09:25:32.477Z : RangeError: Extra 134 of 135 byte(s) found at buffer[1]
2026-03-07T09:26:52.854Z error: AppExc: 3001:unexpected exception["Extra 134 of 135 byte(s) found at buffer[1]"]
2026-03-07T09:32:07.891Z error: GetSvcOrgStatus : 2026-03-07T09:32:03.198Z : RangeError: Extra 132 of 135 byte(s) found at buffer[3]
2026-03-07T09:32:07.906Z error: AppExc: 3001:unexpected exception["Extra 132 of 135 byte(s) found at buffer[3]"]
2026-03-07T09:38:40.706Z error: GetSvcOrgStatus : 2026-03-07T09:38:02.897Z : RangeError: Extra 134 of 135 byte(s) found at buffer[1]
2026-03-07T09:38:40.721Z error: AppExc: 3001:unexpected exception["Extra 134 of 135 byte(s) found at buffer[1]"]
2026-03-07T10:26:24.187Z error: SetSvcOrgStatus : 2026-03-07T10:26:20.208Z : Error: Unsupported state or unable to authenticate data
2026-03-07T10:26:25.109Z error: AppExc: 3001:unexpected exception["Unsupported state or unable to authenticate data"]
2026-03-07T10:41:15.162Z error: GetSvcOrgStatus : 2026-03-07T10:40:15.779Z : Error: Unsupported state or unable to authenticate data
2026-03-07T10:41:24.823Z error: AppExc: 3001:unexpected exception["Unsupported state or unable to authenticate data"]
2026-03-07T10:44:52.170Z error: GetSvcOrgStatus : 2026-03-07T10:44:14.742Z : Error: Unsupported state or unable to authenticate data
2026-03-07T10:44:53.958Z error: AppExc: 3001:unexpected exception["Unsupported state or unable to authenticate data"]
2026-03-07T10:56:11.084Z error: GetSvcOrgStatus : 2026-03-07T10:56:03.553Z : Error: Unsupported state or unable to authenticate data
2026-03-07T10:56:30.480Z error: AppExc: 3001:unexpected exception["Unsupported state or unable to authenticate data"]
2026-03-07T11:17:48.205Z error: GetSvcOrgStatus : 2026-03-07T11:16:18.641Z : Error: Unsupported state or unable to authenticate data
2026-03-07T11:17:48.209Z error: AppExc: 3001:unexpected exception["Unsupported state or unable to authenticate data"]
2026-03-07T14:53:31.985Z error: AppExc: 3002:missing credential@ListManagers:[null,"Org.manager",""]
2026-03-07T14:53:31.989Z error: ListManagers : 2026-03-07T14:53:22.278Z : AppExc: 3002:missing credential@ListManagers:[null,"Org.manager",""]
2026-03-07T15:08:02.224Z error: ListManagers : 2026-03-07T15:08:02.085Z : TypeError: Failed to execute 'verify' on 'SubtleCrypto': 3rd argument is not instance of ArrayBuffer, Buffer, TypedArray, or DataView.
2026-03-07T15:08:02.237Z error: AppExc: 3001:unexpected exception["Failed to execute 'verify' on 'SubtleCrypto': 3rd argument is not instance of ArrayBuffer, Buffer, TypedArray, or DataView."]
2026-03-07T15:12:42.794Z error: ListManagers : 2026-03-07T15:12:27.298Z : TypeError: Failed to execute 'verify' on 'SubtleCrypto': 3rd argument is not instance of ArrayBuffer, Buffer, TypedArray, or DataView.
2026-03-07T15:12:42.797Z error: AppExc: 3001:unexpected exception["Failed to execute 'verify' on 'SubtleCrypto': 3rd argument is not instance of ArrayBuffer, Buffer, TypedArray, or DataView."]
2026-03-07T15:19:17.023Z error: ListManagers : 2026-03-07T15:14:44.826Z : TypeError: Failed to execute 'verify' on 'SubtleCrypto': 3rd argument is not instance of ArrayBuffer, Buffer, TypedArray, or DataView.
2026-03-07T15:19:17.027Z error: AppExc: 3001:unexpected exception["Failed to execute 'verify' on 'SubtleCrypto': 3rd argument is not instance of ArrayBuffer, Buffer, TypedArray, or DataView."]
2026-03-07T15:22:01.701Z error: ListManagers : 2026-03-07T15:20:11.833Z : TypeError: Failed to execute 'verify' on 'SubtleCrypto': 3rd argument is not instance of ArrayBuffer, Buffer, TypedArray, or DataView.
2026-03-07T15:22:01.704Z error: AppExc: 3001:unexpected exception["Failed to execute 'verify' on 'SubtleCrypto': 3rd argument is not instance of ArrayBuffer, Buffer, TypedArray, or DataView."]
2026-03-07T15:24:15.855Z error: ListManagers : 2026-03-07T15:23:00.184Z : Error: Unsupported state or unable to authenticate data
2026-03-07T15:24:15.858Z error: AppExc: 3001:unexpected exception["Unsupported state or unable to authenticate data"]
2026-03-07T15:30:42.534Z error: ListManagers : 2026-03-07T15:28:48.528Z : Error: Unsupported state or unable to authenticate data
2026-03-07T15:30:42.536Z error: AppExc: 3001:unexpected exception["Unsupported state or unable to authenticate data"]
2026-03-07T15:46:28.289Z error: ListManagers : 2026-03-07T15:46:00.972Z : Error: Unsupported state or unable to authenticate data
2026-03-07T15:46:28.292Z error: AppExc: 3001:unexpected exception["Unsupported state or unable to authenticate data"]
2026-03-07T16:01:49.849Z error: GetOrgConfig : 2026-03-07T16:01:49.843Z : AppExc: 2007:admin required@GetOrgConfig:[]
2026-03-18T09:55:03.798Z error: Bug : 2026-03-18T09:54:22.073Z : SqliteError: UNIQUE constraint failed: bug.key
2026-03-18T09:55:03.802Z error: AppExc: 3001:unexpected exception["UNIQUE constraint failed: bug.key"]
2026-03-18T09:56:29.022Z error: Bug : 2026-03-18T09:56:06.714Z : SqliteError: UNIQUE constraint failed: bug.key
2026-03-18T09:56:29.025Z error: AppExc: 3001:unexpected exception["UNIQUE constraint failed: bug.key"]
2026-03-18T13:54:54.155Z error: ListInvits : 2026-03-18T13:54:34.867Z : SqliteError: no such column: colName
2026-03-18T13:54:54.157Z error: AppExc: 3001:unexpected exception["no such column: colName"]
2026-03-18T14:03:14.011Z error: ListInvits : 2026-03-18T14:02:59.580Z : SqliteError: no such column: major
2026-03-18T14:03:14.032Z error: AppExc: 3001:unexpected exception["no such column: major"]
2026-03-18T14:09:05.236Z error: ListInvits : 2026-03-18T14:08:29.685Z : SqliteError: no such column: major
2026-03-18T14:09:05.239Z error: AppExc: 3001:unexpected exception["no such column: major"]
2026-03-18T14:11:26.826Z error: ListInvits : 2026-03-18T14:10:48.566Z : TypeError: SQLite3 can only bind numbers, strings, bigints, buffers, and null
2026-03-18T14:11:26.830Z error: AppExc: 3001:unexpected exception["SQLite3 can only bind numbers, strings, bigints, buffers, and null"]
2026-03-25T14:14:31.004Z error: InvitCreate : 2026-03-25T14:14:01.773Z : SqliteError: UNIQUE constraint failed: INVITATION.org, INVITATION.pk
2026-03-25T14:14:31.007Z error: AppExc: 3001:unexpected exception["UNIQUE constraint failed: INVITATION.org, INVITATION.pk"]
2026-03-25T14:16:22.427Z error: InvitCreate : 2026-03-25T14:15:58.768Z : SqliteError: UNIQUE constraint failed: INVITATION.org, INVITATION.pk
2026-03-25T14:16:22.431Z error: AppExc: 3001:unexpected exception["UNIQUE constraint failed: INVITATION.org, INVITATION.pk"]
2026-03-27T14:50:56.119Z error: InvitAR : 2026-03-27T14:50:14.477Z : TypeError: Cannot read properties of null (reading '0')
2026-03-27T14:50:56.122Z error: AppExc: 3001:unexpected exception["Cannot read properties of null (reading '0')"]
2026-03-27T15:51:58.439Z error: AppExc: 3004:documentClasses["Auteur"]
2026-03-27T15:51:58.440Z error: InvitValidate : 2026-03-27T15:51:58.435Z : AppExc: 3004:documentClasses["Auteur"]
2026-03-31T13:03:33.439Z error: AppExc: 3001:unexpected exception["no such column: hct"]
2026-03-31T14:13:09.106Z error: AppExc: 3001:unexpected exception["table SAFE has no column named hct"]
2026-03-31T14:37:30.714Z error: AppExc: 3001:unexpected exception["no such column: v"]
2026-03-31T14:41:54.868Z error: AppExc: 3001:unexpected exception["no such column: v"]
2026-03-31T16:21:58.291Z error: GetOrgConfig : 2026-03-31T16:21:58.285Z : TypeError: Cannot read properties of undefined (reading 'getConnexion')
2026-03-31T16:21:58.295Z error: AppExc: 3001:unexpected exception["Cannot read properties of undefined (reading 'getConnexion')"]
2026-03-31T16:24:15.033Z error: GetOrgConfig : 2026-03-31T16:23:38.782Z : TypeError: Cannot read properties of undefined (reading 'getConnexion')
2026-03-31T16:24:15.036Z error: AppExc: 3001:unexpected exception["Cannot read properties of undefined (reading 'getConnexion')"]
2026-03-31T16:29:29.545Z error: GetOrgConfig : 2026-03-31T16:29:15.571Z : TypeError: Cannot read properties of undefined (reading 'doTransaction')
2026-03-31T16:29:29.557Z error: AppExc: 3001:unexpected exception["Cannot read properties of undefined (reading 'doTransaction')"]
2026-03-31T16:44:10.241Z error: GetOrgConfig : 2026-03-31T16:43:47.269Z : TypeError: undefined is not iterable (cannot read property Symbol(Symbol.iterator))
2026-03-31T16:44:10.259Z error: AppExc: 3001:unexpected exception["undefined is not iterable (cannot read property Symbol(Symbol.iterator))"]
2026-03-31T16:50:39.371Z error: GetOrgConfig : 2026-03-31T16:50:16.434Z : TypeError: Cannot read properties of undefined (reading 'all')
2026-03-31T16:50:39.383Z error: AppExc: 3001:unexpected exception["Cannot read properties of undefined (reading 'all')"]
2026-03-31T16:54:33.831Z error: GetOrgConfig : 2026-03-31T16:53:25.811Z : TypeError: Cannot read properties of undefined (reading 'all')
2026-03-31T16:54:33.836Z error: AppExc: 3001:unexpected exception["Cannot read properties of undefined (reading 'all')"]
2026-03-31T16:55:40.688Z error: GetOrgConfig : 2026-03-31T16:54:50.460Z : TypeError: Cannot read properties of undefined (reading 'all')
2026-03-31T16:55:40.690Z error: AppExc: 3001:unexpected exception["Cannot read properties of undefined (reading 'all')"]
2026-04-01T14:38:24.968Z error: ListManagers : 2026-04-01T14:38:24.827Z : AppExc: 2008:bad credential(s)@ListManagers:["Org.manager/"]
2026-04-02T11:07:20.748Z error: InvitList : 2026-04-02T11:07:20.728Z : AppExc: 2008:bad credential(s)@InvitList:["Sponsor./Auteur.science"]
2026-04-02T11:13:57.035Z error: InvitList : 2026-04-02T11:13:57.021Z : AppExc: 2008:bad credential(s)@InvitList:["Sponsor./Auteur.science"]
2026-04-02T11:17:57.352Z error: InvitList : 2026-04-02T11:15:12.207Z : AppExc: 2008:bad credential(s)@InvitList:["Sponsor./Auteur.science"]
2026-04-02T11:18:53.858Z error: InvitList : 2026-04-02T11:18:25.170Z : AppExc: 2008:bad credential(s)@InvitList:["Sponsor./Auteur.science"]
2026-04-02T11:23:36.232Z error: InvitList : 2026-04-02T11:19:17.210Z : AppExc: 2008:bad credential(s)@InvitList:["Sponsor./Auteur.science"]
2026-04-02T11:38:50.272Z error: InvitList : 2026-04-02T11:38:50.252Z : DataError: Invalid keyData
2026-04-02T11:38:50.285Z error: AppExc: 3001:unexpected exception["Invalid keyData"]
2026-04-02T11:40:26.313Z error: InvitList : 2026-04-02T11:40:26.290Z : DataError: Invalid keyData
2026-04-02T11:40:26.315Z error: AppExc: 3001:unexpected exception["Invalid keyData"]
2026-04-02T13:06:42.278Z error: InvitList : 2026-04-02T13:06:42.048Z : DataError: Invalid keyData
2026-04-02T13:06:42.295Z error: AppExc: 3001:unexpected exception["Invalid keyData"]
2026-04-04T15:55:54.155Z error: ListUserCreds : 2026-04-04T15:53:03.813Z : TypeError: SQLite3 can only bind numbers, strings, bigints, buffers, and null
2026-04-04T15:55:54.159Z error: AppExc: 3001:unexpected exception["SQLite3 can only bind numbers, strings, bigints, buffers, and null"]
2026-04-12T13:27:54.515Z error: AppExc: 3001:unexpected exception["no such table: SAFE"]
2026-04-12T17:14:20.163Z error: AppExc: 3001:unexpected exception["Cannot set properties of undefined (setting 'status')"]
2026-04-12T18:06:33.015Z error: AppExc: 3001:unexpected exception["Cannot read properties of null (reading 'invits')"]
2026-04-13T15:23:19.581Z error: AppExc: 3001:unexpected exception["database is locked"]
2026-04-21T10:41:02.420Z error: AppExc: 3001:unexpected exception["Missing named parameter \"ualias\""]
2026-04-21T10:51:54.837Z error: AppExc: 3001:unexpected exception["Missing named parameter \"ualias\""]
2026-04-21T14:28:29.090Z error: AppExc: 3001:unexpected exception["table ZZUSERS has no column named sshk"]
2026-04-21T14:38:40.716Z error: AppExc: 3001:unexpected exception["table ZZUSERS has no column named sshk"]
2026-04-21T14:46:43.434Z error: AppExc: 3001:unexpected exception["table ZZUSERS has no column named d"]
2026-04-22T05:37:59.958Z error: AppExc: 3001:unexpected exception["no such column: userId"]
2026-04-22T06:28:38.283Z error: AppExc: 3001:unexpected exception["this.db.getSafe is not a function"]
2026-04-22T06:34:11.283Z error: AppExc: 3001:unexpected exception["this.db.setSafe is not a function"]
2026-04-22T06:38:19.091Z error: AppExc: 3001:unexpected exception["this.db.getSafe is not a function"]
2026-04-22T08:30:11.963Z error: AppExc: 3001:unexpected exception["x.replace is not a function"]
2026-04-22T08:35:09.843Z error: AppExc: 3001:unexpected exception["x.replace is not a function"]
2026-04-22T10:29:46.307Z error: AppExc: 3001:unexpected exception["Cannot read properties of undefined (reading 'userId')"]
2026-04-27T16:45:23.400Z error: AppExc: 3001:unexpected exception["SQLite3 can only bind numbers, strings, bigints, buffers, and null"]
2026-04-27T16:49:20.303Z error: AppExc: 3001:unexpected exception["SQLite3 can only bind numbers, strings, bigints, buffers, and null"]
2026-04-27T16:53:10.700Z error: AppExc: 3001:unexpected exception["near \"SET\": syntax error"]
2026-04-28T07:02:27.560Z error: AppExc: 3001:unexpected exception["SQLite3 can only bind numbers, strings, bigints, buffers, and null"]
2026-04-28T07:05:04.536Z error: AppExc: 3001:unexpected exception["SQLite3 can only bind numbers, strings, bigints, buffers, and null"]
2026-04-28T07:09:37.688Z error: AppExc: 3001:unexpected exception["SQLite3 can only bind numbers, strings, bigints, buffers, and null"]
2026-04-28T09:11:55.810Z error: AppExc: 3001:unexpected exception["SQLite3 can only bind numbers, strings, bigints, buffers, and null"]
2026-04-28T09:15:20.742Z error: AppExc: 3001:unexpected exception["Missing named parameter \"invitId\""]
2026-04-29T08:57:52.437Z error: AppExc: 3001:argument absent["invitId"]
2026-04-29T09:03:26.524Z error: AppExc: 3001:unexpected exception["no such column: invitId"]
2026-04-29T09:19:33.937Z error: InvitCancel : 2026-04-29T09:18:52.239Z : RangeError: Missing named parameter "data"
2026-04-29T09:19:33.958Z error: AppExc: 3001:unexpected exception["Missing named parameter \"data\""]
2026-04-29T09:44:47.600Z error: InvitCancel : 2026-04-29T09:43:18.057Z : TypeError: vals is not iterable
2026-04-29T09:44:47.603Z error: AppExc: 3001:unexpected exception["vals is not iterable"]
2026-05-02T08:42:13.935Z error: ErrorTest : 2026-05-02T08:42:13.928Z : AppExc: 2:error_test@ErrorTest:["arg1","arg2"]
2026-05-02T08:45:17.012Z error: ErrorTest : 2026-05-02T08:45:17.007Z : AppExc: 2:error_test@ErrorTest:["arg1","arg2"]
2026-05-02T08:47:08.765Z error: ErrorTest : 2026-05-02T08:47:08.759Z : AppExc: 2:error_test@ErrorTest:["arg1","arg2"]
2026-05-02T08:49:14.763Z error: ErrorTest : 2026-05-02T08:49:14.759Z : AppExc: 2:error_test@ErrorTest:["arg1","arg2"]
2026-05-02T08:49:43.521Z error: ErrorTest : 2026-05-02T08:49:43.515Z : AppExc: 2:error_test@ErrorTest:["arg1","arg2"]
2026-05-02T09:04:28.508Z error: ErrorTest : 2026-05-02T09:04:28.451Z : AppExc: 102:error_test@ErrorTest:["arg1","arg2"]
2026-05-02T09:08:11.049Z error: ErrorTest : 2026-05-02T09:08:11.042Z : AppExc: 102:error_test@ErrorTest:["arg1","arg2"]
2026-05-02T15:00:09.870Z error: GetCredLimitCond : 2026-05-02T15:00:06.522Z : AppExc: 103:missing_credential@GetCredLimitCond:[null,"Sponsor.","Org.manager"]
2026-05-02T15:03:06.481Z error: GetCredLimitCond : 2026-05-02T15:03:04.070Z : AppExc: 103:missing_credential@GetCredLimitCond:[null,"Sponsor.","Org.manager"]
2026-05-02T15:35:33.977Z error: GetCredLimitCond : 2026-05-02T15:35:33.914Z : AppExc: 103:masterdir_unknown_operation["$GetMDuserCV"]
2026-05-02T15:45:49.897Z error: GetCredLimitCond : 2026-05-02T15:45:49.869Z : AppExc: 101:operation_bad_credentials@GetCredLimitCond:["Sponsor./Org.manager"]
2026-05-02T16:04:19.263Z error: GetCredLimitCond : 2026-05-02T16:02:18.708Z : AppExc: 101:operation_bad_credentials@GetCredLimitCond:["Sponsor./Org.manager"]
2026-05-02T16:05:51.453Z error: GetCredLimitCond : 2026-05-02T16:04:41.625Z : AppExc: 101:operation_bad_credentials@GetCredLimitCond:["Sponsor./Org.manager"]
2026-05-02T16:09:41.479Z error: GetCredLimitCond : 2026-05-02T16:08:03.451Z : AppExc: 101:operation_bad_credentials@GetCredLimitCond:["Sponsor./Org.manager"]
2026-05-02T16:14:06.063Z error: GetCredLimitCond : 2026-05-02T16:13:33.518Z : AppExc: 101:operation_bad_credentials@GetCredLimitCond:["Sponsor./Org.manager"]
2026-05-02T16:41:19.895Z error: AppExc: 105:masterdir_unexpected_exception["no such table: ZZINVITS"]
2026-05-03T09:11:10.867Z error: AutoRevokeCred : 2026-05-03T09:10:39.523Z : AppExc: 103:no_cred_owner@AutoRevokeCred:["Sponsor.","Org.manager"]
2026-05-05T12:25:48.624Z error: AppExc: 105:masterdir_unexpected_exception["no such table: ZZINVITS"]
2026-05-05T13:37:20.488Z error: AutoRevokeCred : 2026-05-05T13:37:20.470Z : AppExc: 103:no_cred_owner@AutoRevokeCred:["Org.manager",""]
2026-05-06T16:02:45.834Z error: InvitValidate : 2026-05-06T16:02:08.824Z : TypeError: Cannot read properties of undefined (reading 'hasColls')
2026-05-06T16:02:45.841Z error: AppExc: 105:service_unexpected_exception["Cannot read properties of undefined (reading 'hasColls')"]
2026-05-06T16:14:49.571Z error: InvitValidate : 2026-05-06T16:13:04.428Z : TypeError: Cannot read properties of undefined (reading 'hasColls')
2026-05-06T16:14:49.595Z error: AppExc: 105:service_unexpected_exception["Cannot read properties of undefined (reading 'hasColls')"]
2026-05-06T16:55:17.085Z error: GetCredLimitCond : 2026-05-06T16:55:17.061Z : AppExc: 101:operation_bad_credentials@GetCredLimitCond:["Auteur/HWahL10uxGJnR4fc3pMmhQli6gJVP6Wt"]
2026-05-06T17:00:21.121Z error: GetCredLimitCond : 2026-05-06T17:00:21.107Z : AppExc: 101:operation_bad_credentials@GetCredLimitCond:["Auteur/HWahL10uxGJnR4fc3pMmhQli6gJVP6Wt"]
2026-05-06T17:05:06.316Z error: GetCredLimitCond : 2026-05-06T17:05:06.247Z : AppExc: 101:operation_bad_credentials@GetCredLimitCond:["Auteur/HWahL10uxGJnR4fc3pMmhQli6gJVP6Wt"]
2026-05-06T17:07:16.477Z error: GetCredLimitCond : 2026-05-06T17:07:16.460Z : AppExc: 101:operation_bad_credentials@GetCredLimitCond:["Auteur/HWahL10uxGJnR4fc3pMmhQli6gJVP6Wt"]
2026-05-06T17:15:01.559Z error: GetCredLimitCond : 2026-05-06T17:15:01.515Z : AppExc: 101:operation_bad_credentials@GetCredLimitCond:["Auteur/HWahL10uxGJnR4fc3pMmhQli6gJVP6Wt"]
2026-05-06T17:15:53.809Z error: GetCredLimitCond : 2026-05-06T17:15:53.789Z : AppExc: 101:operation_bad_credentials@GetCredLimitCond:["Auteur/HWahL10uxGJnR4fc3pMmhQli6gJVP6Wt"]
2026-05-06T17:19:37.575Z error: GetCredLimitCond : 2026-05-06T17:19:37.549Z : AppExc: 101:operation_bad_credentials@GetCredLimitCond:["Auteur/HWahL10uxGJnR4fc3pMmhQli6gJVP6Wt"]
2026-05-06T17:23:29.427Z error: GetCredLimitCond : 2026-05-06T17:21:15.959Z : AppExc: 101:operation_bad_credentials@GetCredLimitCond:["Auteur/HWahL10uxGJnR4fc3pMmhQli6gJVP6Wt"]
2026-05-06T17:27:00.945Z error: GetCredLimitCond : 2026-05-06T17:27:00.917Z : AppExc: 101:operation_bad_credentials@GetCredLimitCond:["Sponsor./Auteur/roman"]
2026-05-06T17:28:54.306Z error: GetCredLimitCond : 2026-05-06T17:28:54.285Z : AppExc: 101:operation_bad_credentials@GetCredLimitCond:["Sponsor./Auteur/roman"]
2026-05-06T17:31:24.299Z error: GetCredLimitCond : 2026-05-06T17:31:24.277Z : AppExc: 101:operation_bad_credentials@GetCredLimitCond:["Sponsor./Auteur/roman"]
2026-05-06T17:35:23.825Z error: GetCredLimitCond : 2026-05-06T17:34:06.232Z : AppExc: 101:operation_bad_credentials@GetCredLimitCond:["Sponsor./Auteur/roman"]
2026-05-06T17:39:08.489Z error: GetCredLimitCond : 2026-05-06T17:36:47.895Z : AppExc: 101:operation_bad_credentials@GetCredLimitCond:["Sponsor./Auteur/roman"]
2026-05-06T17:42:00.319Z error: GetCredLimitCond : 2026-05-06T17:40:16.571Z : AppExc: 101:operation_bad_credentials@GetCredLimitCond:["Sponsor./Auteur/roman"]
2026-05-11T09:31:44.975Z error: AppExc: 105:safe_unexpected_exception["UNIQUE constraint failed: ZZSAFE.userId"]
2026-05-14T10:11:06.008Z error: AppExc: 105:service_unexpected_exception["Cannot read properties of undefined (reading 'APIVERSION')"]
2026-05-22T15:10:07.567Z error: GetCredLimitCond : 2026-05-22T15:10:07.560Z : DataError: Invalid keyData
2026-05-22T15:10:07.581Z error: AppExc: 105:service_unexpected_exception["Invalid keyData"]
2026-05-22T15:15:46.690Z error: GetCredLimitCond : 2026-05-22T15:15:46.675Z : DataError: Invalid keyData
2026-05-22T15:15:46.693Z error: AppExc: 105:service_unexpected_exception["Invalid keyData"]
2026-05-22T15:19:04.020Z error: GetCredLimitCond : 2026-05-22T15:17:16.465Z : DataError: Invalid keyData
2026-05-22T15:19:04.022Z error: AppExc: 105:service_unexpected_exception["Invalid keyData"]
2026-05-22T15:25:10.620Z error: GetCredLimitCond : 2026-05-22T15:22:05.435Z : DataError: Invalid keyData
2026-05-22T15:25:10.622Z error: AppExc: 105:service_unexpected_exception["Invalid keyData"]
2026-05-22T15:27:19.435Z error: GetCredLimitCond : 2026-05-22T15:26:25.909Z : DataError: Invalid keyData
2026-05-22T15:27:19.437Z error: AppExc: 105:service_unexpected_exception["Invalid keyData"]
2026-05-22T15:29:19.616Z error: GetCredLimitCond : 2026-05-22T15:28:31.387Z : DataError: Invalid keyData
2026-05-22T15:29:19.619Z error: AppExc: 105:service_unexpected_exception["Invalid keyData"]
2026-05-29T14:35:15.357Z error: CaseCreateByU : 2026-05-29T14:34:29.353Z : SqliteError: near "CASE": syntax error
2026-05-29T14:35:15.374Z error: AppExc: 105:service_unexpected_exception["near \"CASE\": syntax error"]
2026-05-29T14:54:10.110Z error: CaseCreateByU : 2026-05-29T14:53:34.709Z : RangeError: Maximum call stack size exceeded
2026-05-29T14:54:10.113Z error: AppExc: 105:service_unexpected_exception["Maximum call stack size exceeded"]
2026-05-29T14:57:35.039Z error: CaseCreateByU : 2026-05-29T14:55:32.149Z : RangeError: Maximum call stack size exceeded
2026-05-29T14:57:35.041Z error: AppExc: 105:service_unexpected_exception["Maximum call stack size exceeded"]
2026-05-29T14:59:33.057Z error: CaseCreateByU : 2026-05-29T14:59:07.938Z : RangeError: Maximum call stack size exceeded
2026-05-29T14:59:33.059Z error: AppExc: 105:service_unexpected_exception["Maximum call stack size exceeded"]
2026-05-29T15:02:31.309Z error: CaseCreateByU : 2026-05-29T15:01:09.748Z : TypeError: Cannot read properties of undefined (reading 'caseId')
2026-05-29T15:02:31.313Z error: AppExc: 105:service_unexpected_exception["Cannot read properties of undefined (reading 'caseId')"]
2026-05-29T15:08:02.182Z error: CaseCreateByU : 2026-05-29T15:06:35.502Z : TypeError: Cannot read properties of undefined (reading 'caseId')
2026-05-29T15:08:02.184Z error: AppExc: 105:service_unexpected_exception["Cannot read properties of undefined (reading 'caseId')"]
2026-05-31T14:38:03.876Z error: AppExc: 105:document_class_not_registered["Case2"]
2026-05-31T14:38:03.879Z error: Case2Test : 2026-05-31T14:37:56.409Z : AppExc: 105:document_class_not_registered["Case2"]
2026-05-31T14:41:30.786Z error: Case2Test : 2026-05-31T14:41:09.891Z : TypeError: Cannot read properties of undefined (reading 'forEach')
2026-05-31T14:41:30.790Z error: AppExc: 105:service_unexpected_exception["Cannot read properties of undefined (reading 'forEach')"]
2026-05-31T14:46:01.306Z error: Case2Test : 2026-05-31T14:42:05.160Z : TypeError: Cannot read properties of undefined (reading 'forEach')
2026-05-31T14:46:01.309Z error: AppExc: 105:service_unexpected_exception["Cannot read properties of undefined (reading 'forEach')"]
2026-05-31T15:18:12.527Z error: Case2List : 2026-05-31T15:17:49.368Z : SqliteError: no such column: Auteurs
2026-05-31T15:18:12.548Z error: AppExc: 105:service_unexpected_exception["no such column: Auteurs"]
2026-05-31T15:22:06.626Z error: Case2List : 2026-05-31T15:19:11.416Z : SqliteError: no such column: Auteurs
2026-05-31T15:22:06.628Z error: AppExc: 105:service_unexpected_exception["no such column: Auteurs"]
2026-05-31T15:30:00.876Z error: Case2List : 2026-05-31T15:29:10.813Z : SqliteError: no such column: Auteurs
2026-05-31T15:30:00.879Z error: AppExc: 105:service_unexpected_exception["no such column: Auteurs"]
2026-05-31T15:33:16.834Z error: Case2List : 2026-05-31T15:32:19.606Z : SqliteError: no such column: Auteurs
2026-05-31T15:33:16.838Z error: AppExc: 105:service_unexpected_exception["no such column: Auteurs"]
2026-06-02T09:40:30.344Z error: ListManagers : 2026-06-02T09:40:30.331Z : SqliteError: near "doc": syntax error
2026-06-02T09:40:30.409Z error: AppExc: 105:service_unexpected_exception["near \"doc\": syntax error"]
2026-06-11T12:29:02.743Z error: AppExc: 105:document_class_not_registered["$Status"]
2026-06-11T12:29:02.745Z error: SetStatus$ : 2026-06-11T12:29:02.737Z : AppExc: 105:document_class_not_registered["$Status"]
2026-06-11T12:32:14.752Z error: SetStatus$ : 2026-06-11T12:32:14.747Z : TypeError: Cannot set property pk of #<Document> which has only a getter
2026-06-11T12:32:14.761Z error: AppExc: 105:service_unexpected_exception["Cannot set property pk of #<Document> which has only a getter"]
2026-06-11T13:36:39.334Z error: SetStatus$ : 2026-06-11T13:36:18.131Z : SqliteError: near "def": syntax error
2026-06-11T13:36:39.338Z error: AppExc: 105:service_unexpected_exception["near \"def\": syntax error"]
2026-06-25T12:36:38.314Z error: getCKey$ : 2026-06-25T12:36:38.302Z : TypeError: Cannot read properties of undefined (reading 'k1')
2026-06-25T12:36:38.378Z error: AppExc: 105:service_unexpected_exception["Cannot read properties of undefined (reading 'k1')"]
2026-06-25T13:04:17.636Z error: FormCreateByU : 2026-06-25T13:04:00.973Z : TypeError: Cannot read properties of undefined (reading 'comment')
2026-06-25T13:04:17.640Z error: AppExc: 105:service_unexpected_exception["Cannot read properties of undefined (reading 'comment')"]
2026-06-25T13:23:49.075Z error: FormCreateByU : 2026-06-25T13:23:00.942Z : RangeError: Missing named parameter "creds"
2026-06-25T13:23:49.081Z error: AppExc: 105:service_unexpected_exception["Missing named parameter \"creds\""]
2026-06-25T13:38:41.423Z error: FormCreateByU : 2026-06-25T13:38:41.390Z : RangeError: Missing named parameter "creds"
2026-06-25T13:38:41.492Z error: AppExc: 105:service_unexpected_exception["Missing named parameter \"creds\""]
2026-06-25T13:48:09.753Z error: FormCreateByU : 2026-06-25T13:47:31.681Z : RangeError: Missing named parameter "creds"
2026-06-25T13:48:09.756Z error: AppExc: 105:service_unexpected_exception["Missing named parameter \"creds\""]
2026-06-25T14:17:42.542Z error: AppExc: 105:masterdir_unexpected_exception["no such table: ZZCASES"]
2026-06-25T14:28:22.546Z error: AppExc: 105:masterdir_unexpected_exception["table ZZEVENTS has no column named ttl"]
2026-06-25T16:10:14.620Z error: AppExc: 105:masterdir_unexpected_exception["near \"UDATE\": syntax error"]
2026-06-25T16:19:07.735Z error: AppExc: 105:masterdir_unexpected_exception["near \")\": syntax error"]
2026-06-26T15:50:37.356Z error: FormFilteredList : 2026-06-26T15:49:39.321Z : SqliteError: near "AND": syntax error
2026-06-26T15:50:37.490Z error: AppExc: 105:service_unexpected_exception["near \"AND\": syntax error"]
2026-07-05T10:59:43.866Z error: FormValidateByU : 2026-07-05T10:56:22.047Z : TypeError: Cannot read properties of undefined (reading 'credTemplates')
2026-07-05T10:59:43.871Z error: AppExc: 105:service_unexpected_exception["Cannot read properties of undefined (reading 'credTemplates')"]
2026-07-05T11:06:51.937Z error: FormValidateByU : 2026-07-05T11:04:43.762Z : TypeError: Cannot read properties of undefined (reading 'credTemplates')
2026-07-05T11:06:51.943Z error: AppExc: 105:service_unexpected_exception["Cannot read properties of undefined (reading 'credTemplates')"]
2026-07-05T12:42:26.630Z error: AppExc: 105:safe_unexpected_exception["Cannot read properties of undefined (reading 'disconnect')"]
2026-07-05T12:46:21.782Z error: AppExc: 105:safe_unexpected_exception["Cannot read properties of undefined (reading 'disconnect')"]
2026-07-05T12:49:07.440Z error: FormGet : 2026-07-05T12:48:07.450Z : TypeError: Cannot read properties of undefined (reading 'k1')
2026-07-05T12:49:07.443Z error: AppExc: 105:service_unexpected_exception["Cannot read properties of undefined (reading 'k1')"]
2026-07-05T12:59:09.924Z error: FormGet : 2026-07-05T12:58:51.495Z : TypeError: Cannot read properties of undefined (reading 'k1')
2026-07-05T12:59:09.927Z error: AppExc: 105:service_unexpected_exception["Cannot read properties of undefined (reading 'k1')"]
2026-07-05T13:00:26.688Z error: FormGet : 2026-07-05T13:00:02.573Z : TypeError: Cannot read properties of undefined (reading 'k1')
2026-07-05T13:00:26.690Z error: AppExc: 105:service_unexpected_exception["Cannot read properties of undefined (reading 'k1')"]
2026-07-05T13:02:11.463Z error: FormGet : 2026-07-05T13:00:32.142Z : TypeError: Cannot read properties of undefined (reading 'k1')
2026-07-05T13:02:11.465Z error: AppExc: 105:service_unexpected_exception["Cannot read properties of undefined (reading 'k1')"]
2026-07-05T13:03:29.666Z error: FormGet : 2026-07-05T13:02:16.051Z : TypeError: Cannot read properties of undefined (reading 'k1')
2026-07-05T13:03:29.668Z error: AppExc: 105:service_unexpected_exception["Cannot read properties of undefined (reading 'k1')"]
2026-07-05T13:06:48.516Z error: FormGet : 2026-07-05T13:03:41.497Z : TypeError: Cannot read properties of undefined (reading 'k1')
2026-07-05T13:06:48.519Z error: AppExc: 105:service_unexpected_exception["Cannot read properties of undefined (reading 'k1')"]
2026-07-05T13:44:12.477Z error: ListManagers : 2026-07-05T13:43:55.460Z : SqliteError: near "@col": syntax error
2026-07-05T13:44:12.479Z error: AppExc: 105:service_unexpected_exception["near \"@col\": syntax error"]
2026-07-05T13:54:30.033Z error: ListManagers : 2026-07-05T13:53:24.122Z : SqliteError: near "@col": syntax error
2026-07-05T13:54:30.037Z error: AppExc: 105:service_unexpected_exception["near \"@col\": syntax error"]
2026-07-05T13:58:25.021Z error: ListManagers : 2026-07-05T13:55:09.172Z : SqliteError: near "@col": syntax error
2026-07-05T13:58:25.024Z error: AppExc: 105:service_unexpected_exception["near \"@col\": syntax error"]
2026-07-09T14:25:34.948Z error: AppExc: 105:userid_not_found_in_masterdir[""]
2026-07-09T14:25:34.950Z error: FormCreateByT : 2026-07-09T14:25:34.929Z : AppExc: 105:userid_not_found_in_masterdir[""]
2026-07-12T16:56:15.784Z error: FormUpdByT : 2026-07-12T16:56:15.777Z : AppExc: 103:missing_credential@FormUpdByT:[null,"Redaction","1"]
2026-07-12T16:56:15.786Z error: AppExc: 105:service_unexpected_exception["AppExc: 103:missing_credential@FormUpdByT:[null,\"Redaction\",\"1\"]"]
2026-07-12T17:01:13.507Z error: FormUpdByT : 2026-07-12T17:01:13.498Z : AppExc: 103:missing_credential@FormUpdByT:[null,"Redaction","1"]
2026-07-12T17:01:13.510Z error: AppExc: 105:service_unexpected_exception["AppExc: 103:missing_credential@FormUpdByT:[null,\"Redaction\",\"1\"]"]
2026-07-12T17:39:48.226Z error: FormValidateByT : 2026-07-12T17:38:36.850Z : TypeError: Cannot read properties of undefined (reading 'forEach')
2026-07-12T17:39:48.248Z error: AppExc: 105:service_unexpected_exception["Cannot read properties of undefined (reading 'forEach')"]
2026-07-12T17:53:53.039Z error: AppExc: 108:remote_md_safes_access_exc["http://localhost:8080/master/","TypeError: fetch failed"]
2026-07-12T17:53:53.043Z error: FormValidateByT : 2026-07-12T17:53:40.153Z : AppExc: 108:remote_md_safes_access_exc["http://localhost:8080/master/","TypeError: fetch failed"]
2026-07-12T17:57:59.156Z error: FormValidateByT : 2026-07-12T17:56:23.705Z : SqliteError: no such column: section
2026-07-12T17:57:59.158Z error: AppExc: 105:service_unexpected_exception["no such column: section"]
2026-07-13T07:30:17.087Z error: getCredProps : 2026-07-13T07:30:17.074Z : TypeError: Cannot read properties of null (reading 'creds')
2026-07-13T07:30:17.104Z error: AppExc: 105:service_unexpected_exception["Cannot read properties of null (reading 'creds')"]
2026-07-13T08:21:47.412Z error: AppExc: 108:remote_md_safes_access_exc["http://localhost:8080/safe/","TypeError: fetch failed"]
2026-07-13T08:21:47.417Z error: FormValidateByT : 2026-07-13T08:20:12.098Z : AppExc: 108:remote_md_safes_access_exc["http://localhost:8080/safe/","TypeError: fetch failed"]
2026-07-13T09:12:25.499Z error: AppExc: 108:remote_md_safes_access_exc@$CreateCred:["http://localhost:8080/safe/","TypeError: fetch failed"]
2026-07-13T09:12:38.390Z error: FormValidateByT : 2026-07-13T08:59:12.336Z : AppExc: 108:remote_md_safes_access_exc@$CreateCred:["http://localhost:8080/safe/","TypeError: fetch failed"]
2026-07-13T09:35:19.785Z error: AppExc: 108:remote_md_safes_access_exc@$CreateCred:["http://localhost:8080/safe/","TypeError: fetch failed"]
2026-07-13T09:35:19.788Z error: FormValidateByT : 2026-07-13T09:34:57.827Z : AppExc: 108:remote_md_safes_access_exc@$CreateCred:["http://localhost:8080/safe/","TypeError: fetch failed"]
2026-07-13T09:39:30.862Z error: AppExc: 108:remote_md_safes_access_exc@$CreateCred:["http://localhost:8080/safe/","TypeError: fetch failed"]
2026-07-13T09:49:37.962Z error: AppExc: 108:remote_md_safes_access_exc@$CreateCred:["http://localhost:8080/safe/","TypeError: fetch failed"]
2026-07-13T09:58:08.184Z error: AppExc: 108:remote_md_safes_access_exc@$CreateCred:["http://localhost:8080/safe/","TypeError: fetch failed"]
2026-07-13T10:04:33.563Z error: AppExc: 108:remote_md_safes_access_exc@$CreateCred:["http://localhost:8080/safe/","TypeError: fetch failed"]
2026-07-13T10:06:45.616Z error: AppExc: 108:remote_md_safes_access_exc@$CreateCred:["http://localhost:8080/safe","TypeError: fetch failed"]
2026-07-13T10:10:08.858Z error: AppExc: 108:remote_md_safes_access_exc@$CreateCred:["http://localhost:8080/safeXX","TypeError: fetch failed"]
2026-07-13T10:20:47.558Z error: AppExc: 108:remote_md_safes_access_exc@$mdUserGetICVS:["http://localhost:8080/master","TypeError: fetch failed"]
2026-07-13T10:20:47.561Z error: FormValidateByT : 2026-07-13T10:20:30.756Z : AppExc: 108:remote_md_safes_access_exc@$mdUserGetICVS:["http://localhost:8080/master","TypeError: fetch failed"]
TypeError: fetch failed
    at node:internal/deps/undici/undici:13502:13
    at async Function.postMDS (D:\git\asocial2-srv\src-fw\index.ts:644:24)
    at async Function.getCVS (D:\git\asocial2-srv\src-fw\index.ts:666:22)
    at async $Form_auteur.uPub (D:\git\asocial2-srv\src-fw\documents.ts:489:17)
    at async $Form_auteur.cryptMsgT (D:\git\asocial2-srv\src-fw\documents.ts:517:19)
    at async FormValidateByT.phase2 (D:\git\asocial2-srv\src-fw\operations.ts:766:7)
    at async FormValidateByT.transac (D:\git\asocial2-srv\src-fw\operation.ts:161:5)
    at async AppSQLiteConnexion.doTransaction (D:\git\asocial2-srv\src-sqlite\index.ts:458:7)
    at async FormValidateByT.run (D:\git\asocial2-srv\src-fw\operation.ts:181:30)
    at async doOp (D:\git\asocial2-srv\src-fw\index.ts:482:5)
2026-07-13T10:23:34.901Z error: AppExc: 108:remote_md_safes_access_exc@$mdUserGetICVS:["http://localhost:8080/master","TypeError: fetch failed"]
2026-07-13T10:23:34.905Z error: FormValidateByT : 2026-07-13T10:22:32.605Z : AppExc: 108:remote_md_safes_access_exc@$mdUserGetICVS:["http://localhost:8080/master","TypeError: fetch failed"]
TypeError: fetch failed
    at node:internal/deps/undici/undici:13502:13
    at async Function.postMDS (D:\git\asocial2-srv\src-fw\index.ts:644:24)
    at async Function.getCVS (D:\git\asocial2-srv\src-fw\index.ts:666:22)
    at async $Form_auteur.uPub (D:\git\asocial2-srv\src-fw\documents.ts:489:17)
    at async $Form_auteur.cryptMsgT (D:\git\asocial2-srv\src-fw\documents.ts:517:19)
    at async FormValidateByT.phase2 (D:\git\asocial2-srv\src-fw\operations.ts:766:7)
    at async FormValidateByT.transac (D:\git\asocial2-srv\src-fw\operation.ts:161:5)
    at async AppSQLiteConnexion.doTransaction (D:\git\asocial2-srv\src-sqlite\index.ts:458:7)
    at async FormValidateByT.run (D:\git\asocial2-srv\src-fw\operation.ts:181:30)
    at async doOp (D:\git\asocial2-srv\src-fw\index.ts:482:5)
2026-07-13T10:43:43.195Z error: AppExc: 108:remote_md_safes_access_exc@$mdUserGetICVS:["http://localhost:8080/master","RangeError: Extra 464 of 465 byte(s) found at buffer[1]"]
2026-07-13T10:43:43.199Z error: FormValidateByT : 2026-07-13T10:43:13.601Z : AppExc: 108:remote_md_safes_access_exc@$mdUserGetICVS:["http://localhost:8080/master","RangeError: Extra 464 of 465 byte(s) found at buffer[1]"]
RangeError: Extra 464 of 465 byte(s) found at buffer[1]
    at Decoder.createExtraByteError (D:\git\asocial2-srv\node_modules\@msgpack\msgpack\src\Decoder.ts:306:12)
    at Decoder.decode (D:\git\asocial2-srv\node_modules\@msgpack\msgpack\src\Decoder.ts:327:20)
    at decode (D:\git\asocial2-srv\node_modules\@msgpack\msgpack\src\decode.ts:19:18)
    at Function.postMDS (D:\git\asocial2-srv\src-fw\index.ts:664:19)
    at process.processTicksAndRejections (node:internal/process/task_queues:105:5)
    at async Function.getCVS (D:\git\asocial2-srv\src-fw\index.ts:682:22)
    at async AuthRecord.process (D:\git\asocial2-srv\src-fw\operation.ts:368:17)
    at async FormValidateByT.transac (D:\git\asocial2-srv\src-fw\operation.ts:160:7)
    at async AppSQLiteConnexion.doTransaction (D:\git\asocial2-srv\src-sqlite\index.ts:458:7)
    at async FormValidateByT.run (D:\git\asocial2-srv\src-fw\operation.ts:181:30)
2026-07-13T10:55:05.884Z error: AppExc: 108:remote_md_safes_access_exc@$CreateCred:["http://localhost:8080/safe","Error: read ECONNRESET"]
2026-07-13T11:59:29.441Z error: AppExc: 108:remote_md_safes_access_exc@$CreateCred:["http://localhost:8080/safe","Error: read ECONNRESET"]
2026-07-13T12:09:38.280Z error: AppExc: 108:remote_md_safes_access_exc@$mdUserGetICVS:["http://localhost:8080/master","Error: read ECONNRESET"]
2026-07-13T12:09:38.283Z error: FormValidateByT : 2026-07-13T12:08:45.784Z : AppExc: 108:remote_md_safes_access_exc@$mdUserGetICVS:["http://localhost:8080/master","Error: read ECONNRESET"]
Error: read ECONNRESET
    at AxiosError.from (D:\git\asocial2-srv\node_modules\axios\dist\node\axios.cjs:1355:24)
    at RedirectableRequest.handleRequestError (D:\git\asocial2-srv\node_modules\axios\dist\node\axios.cjs:4082:25)
    at RedirectableRequest.emit (node:events:530:35)
    at emitErrorNT (node:internal/streams/destroy:170:8)
    at emitErrorCloseNT (node:internal/streams/destroy:129:3)
    at process.processTicksAndRejections (node:internal/process/task_queues:90:21)
    at Axios.request (D:\git\asocial2-srv\node_modules\axios\dist\node\axios.cjs:5517:41)
    at process.processTicksAndRejections (node:internal/process/task_queues:105:5)
    at async Function.postMDS (D:\git\asocial2-srv\src-fw\index.ts:662:24)
    at async Function.getCVS (D:\git\asocial2-srv\src-fw\index.ts:688:22)
    at async $Form_auteur.uPub (D:\git\asocial2-srv\src-fw\documents.ts:489:17)
    at async $Form_auteur.cryptMsgT (D:\git\asocial2-srv\src-fw\documents.ts:517:19)
    at async FormValidateByT.phase2 (D:\git\asocial2-srv\src-fw\operations.ts:766:7)
    at async FormValidateByT.transac (D:\git\asocial2-srv\src-fw\operation.ts:161:5)
    at async AppSQLiteConnexion.doTransaction (D:\git\asocial2-srv\src-sqlite\index.ts:458:7)
    at async FormValidateByT.run (D:\git\asocial2-srv\src-fw\operation.ts:181:30)
2026-07-13T12:34:48.647Z error: AppExc: 108:remote_md_safes_access_exc@$FixOneCred:["http://localhost:8080/safe","Error: read ECONNRESET"]
2026-07-13T12:34:48.649Z error: FormValidateByT : 2026-07-13T12:31:46.011Z : AppExc: 108:remote_md_safes_access_exc@$FixOneCred:["http://localhost:8080/safe","Error: read ECONNRESET"]
Error: read ECONNRESET
    at AxiosError.from (D:\git\asocial2-srv\node_modules\axios\dist\node\axios.cjs:1355:24)
    at RedirectableRequest.handleRequestError (D:\git\asocial2-srv\node_modules\axios\dist\node\axios.cjs:4082:25)
    at RedirectableRequest.emit (node:events:518:28)
    at emitErrorNT (node:internal/streams/destroy:170:8)
    at emitErrorCloseNT (node:internal/streams/destroy:129:3)
    at process.processTicksAndRejections (node:internal/process/task_queues:90:21)
    at Axios.request (D:\git\asocial2-srv\node_modules\axios\dist\node\axios.cjs:5517:41)
    at process.processTicksAndRejections (node:internal/process/task_queues:105:5)
    at async Function.postMDS (D:\git\asocial2-srv\src-fw\index.ts:662:24)
    at async Function.doSafeOp (D:\git\asocial2-srv\src-fw\index.ts:705:12)
    at async FormValidateByT.phase3 (D:\git\asocial2-srv\src-fw\operations.ts:824:7)
    at async FormValidateByT.run (D:\git\asocial2-srv\src-fw\operation.ts:207:9)
    at async doOp (D:\git\asocial2-srv\src-fw\index.ts:483:5)
    at async doSvcOp (D:\git\asocial2-srv\src-fw\index.ts:331:3)
    at async IncomingMessage.<anonymous> (D:\git\asocial2-srv\src-fw\index.ts:262:9)
2026-07-13T12:45:31.869Z error: AppExc: 108:remote_md_safes_access_exc@$FixOneCred:["http://localhost:8080/safe","Error: read ECONNRESET"]
2026-07-13T12:45:31.876Z error: FormValidateByT : 2026-07-13T12:43:56.272Z : AppExc: 108:remote_md_safes_access_exc@$FixOneCred:["http://localhost:8080/safe","Error: read ECONNRESET"]
Error: read ECONNRESET
    at AxiosError.from (D:\git\asocial2-srv\node_modules\axios\dist\node\axios.cjs:1355:24)
    at RedirectableRequest.handleRequestError (D:\git\asocial2-srv\node_modules\axios\dist\node\axios.cjs:4082:25)
    at RedirectableRequest.emit (node:events:530:35)
    at emitErrorNT (node:internal/streams/destroy:170:8)
    at emitErrorCloseNT (node:internal/streams/destroy:129:3)
    at process.processTicksAndRejections (node:internal/process/task_queues:90:21)
    at Axios.request (D:\git\asocial2-srv\node_modules\axios\dist\node\axios.cjs:5517:41)
    at process.processTicksAndRejections (node:internal/process/task_queues:105:5)
    at async Function.postMDS (D:\git\asocial2-srv\src-fw\index.ts:662:24)
    at async Function.doSafeOp (D:\git\asocial2-srv\src-fw\index.ts:705:12)
    at async FormValidateByT.phase3 (D:\git\asocial2-srv\src-fw\operations.ts:824:7)
    at async FormValidateByT.run (D:\git\asocial2-srv\src-fw\operation.ts:207:9)
    at async doOp (D:\git\asocial2-srv\src-fw\index.ts:483:5)
    at async doSvcOp (D:\git\asocial2-srv\src-fw\index.ts:331:3)
    at async IncomingMessage.<anonymous> (D:\git\asocial2-srv\src-fw\index.ts:262:9)
2026-07-13T15:50:25.881Z error: FormValidateByT : 2026-07-13T15:50:12.827Z : RangeError: Maximum call stack size exceeded
2026-07-13T15:50:25.886Z error: AppExc: 105:service_unexpected_exception["Maximum call stack size exceeded"]
2026-07-13T15:53:05.620Z error: FormValidateByT : 2026-07-13T15:52:37.744Z : RangeError: Maximum call stack size exceeded
2026-07-13T15:53:05.631Z error: AppExc: 105:service_unexpected_exception["Maximum call stack size exceeded"]
2026-07-13T15:54:39.873Z error: FormValidateByT : 2026-07-13T15:54:32.841Z : RangeError: Maximum call stack size exceeded
2026-07-13T15:54:39.879Z error: AppExc: 105:service_unexpected_exception["Maximum call stack size exceeded"]
2026-07-13T16:21:02.430Z error: getCredProps : 2026-07-13T16:20:30.835Z : TypeError: clazz.indexOf is not a function
2026-07-13T16:21:02.432Z error: AppExc: 105:service_unexpected_exception["clazz.indexOf is not a function"]
2026-07-13T16:24:01.698Z error: getCredProps : 2026-07-13T16:23:22.214Z : TypeError: clazz.indexOf is not a function
2026-07-13T16:24:01.701Z error: AppExc: 105:service_unexpected_exception["clazz.indexOf is not a function"]
2026-07-13T16:55:55.076Z error: getCredProps : 2026-07-13T16:54:11.109Z : TypeError: clazz.indexOf is not a function
2026-07-13T16:55:55.078Z error: AppExc: 105:service_unexpected_exception["clazz.indexOf is not a function"]
2026-07-13T16:58:14.937Z error: getCredProps : 2026-07-13T16:58:00.769Z : TypeError: clazz.indexOf is not a function
2026-07-13T16:58:26.805Z error: AppExc: 105:service_unexpected_exception["clazz.indexOf is not a function"]
2026-07-13T17:08:32.819Z error: getCredProps : 2026-07-13T16:59:25.275Z : TypeError: clazz.indexOf is not a function
2026-07-13T17:08:32.823Z error: AppExc: 105:service_unexpected_exception["clazz.indexOf is not a function"]
2026-07-13T17:28:17.049Z error: getCredProps : 2026-07-13T17:27:14.763Z : TypeError: d.embedCreds.get is not a function
2026-07-13T17:28:17.065Z error: AppExc: 105:service_unexpected_exception["d.embedCreds.get is not a function"]
2026-07-14T10:10:47.378Z error: AutidDeNom : 2026-07-14T10:10:38.585Z : SqliteError: no such table: $AUTEUR
2026-07-14T10:10:47.379Z error: AppExc: 105:service_unexpected_exception["no such table: $AUTEUR"]
2026-07-14T10:11:59.493Z error: AutidDeNom : 2026-07-14T10:11:54.386Z : SqliteError: no such table: $AUTEUR
2026-07-14T10:11:59.511Z error: AppExc: 105:service_unexpected_exception["no such table: $AUTEUR"]
2026-07-14T10:26:21.172Z error: AutidDeNom : 2026-07-14T10:26:21.167Z : SqliteError: no such table: $AUTEUR
2026-07-14T10:26:21.175Z error: AppExc: 105:service_unexpected_exception["no such table: $AUTEUR"]
2026-07-14T14:52:02.109Z error: FormCreateByT : 2026-07-14T14:52:02.069Z : AppExc: 103:missing_credential@FormCreateByT:[null,"Redaction","1"]
2026-07-14T14:52:02.110Z error: AppExc: 105:service_unexpected_exception["AppExc: 103:missing_credential@FormCreateByT:[null,\"Redaction\",\"1\"]"]
2026-07-14T15:12:44.331Z error: FormCreateByT : 2026-07-14T15:10:28.644Z : AppExc: 103:missing_credential@FormCreateByT:[null,"Redaction","1"]
2026-07-14T15:12:44.332Z error: AppExc: 105:service_unexpected_exception["AppExc: 103:missing_credential@FormCreateByT:[null,\"Redaction\",\"1\"]"]
2026-07-14T15:20:46.297Z error: FormCreateByT : 2026-07-14T15:17:08.309Z : AppExc: 103:missing_credential@FormCreateByT:[null,"Redaction","1"]
2026-07-14T15:20:46.299Z error: AppExc: 105:service_unexpected_exception["AppExc: 103:missing_credential@FormCreateByT:[null,\"Redaction\",\"1\"]"]
2026-07-14T15:28:27.051Z error: FormCreateByT : 2026-07-14T15:27:51.991Z : AppExc: 103:missing_credential@FormCreateByT:[null,"Redaction","1"]
2026-07-14T15:28:27.053Z error: AppExc: 105:service_unexpected_exception["AppExc: 103:missing_credential@FormCreateByT:[null,\"Redaction\",\"1\"]"]
2026-07-14T15:33:41.412Z error: FormCreateByT : 2026-07-14T15:30:00.514Z : AppExc: 103:missing_credential@FormCreateByT:[null,"Redaction","1"]
2026-07-14T15:33:41.414Z error: AppExc: 105:service_unexpected_exception["AppExc: 103:missing_credential@FormCreateByT:[null,\"Redaction\",\"1\"]"]
2026-07-14T15:35:43.500Z error: FormCreateByT : 2026-07-14T15:34:14.366Z : AppExc: 103:missing_credential@FormCreateByT:[null,"Redaction","1"]
2026-07-14T15:35:43.512Z error: AppExc: 105:service_unexpected_exception["AppExc: 103:missing_credential@FormCreateByT:[null,\"Redaction\",\"1\"]"]
2026-07-17T06:43:47.522Z error: AuteurDeId : 2026-07-17T06:43:47.514Z : AppExc: 103:missing_credential@AuteurDeId:[null,"Auteur","zG6lGjKo1Hrla9cKyn5N"]
2026-07-17T06:43:47.524Z error: AppExc: 105:service_unexpected_exception["AppExc: 103:missing_credential@AuteurDeId:[null,\"Auteur\",\"zG6lGjKo1Hrla9cKyn5N\"]"]
2026-07-25T12:51:27.433Z error: AppExc: 105:masterdir_unexpected_exception["AppExc: 103:masterdir_unknown_operation[\"$isMDAdmin\"]"]
2026-07-25T12:54:59.353Z error: AppExc: 105:masterdir_unexpected_exception["AppExc: 103:masterdir_unknown_operation[\"$isMDAdmin\"]"]
2026-07-26T09:52:55.909Z error: ADMIN$getStatus : 2026-07-26T09:52:43.835Z : SqliteError: no such column: org
2026-07-26T09:52:55.927Z error: AppExc: 105:service_unexpected_exception["no such column: org"]
2026-07-26T12:50:01.887Z error: ADMIN$setStatus : 2026-07-26T12:49:48.551Z : AppExc: 103:not_configured_doc_class["$Status"]
2026-07-26T12:50:01.889Z error: AppExc: 105:service_unexpected_exception["AppExc: 103:not_configured_doc_class[\"$Status\"]"]
2026-07-26T12:54:50.658Z error: ADMIN$setStatus : 2026-07-26T12:54:01.275Z : TypeError: Cannot read properties of undefined (reading 'def0')
2026-07-26T12:54:50.662Z error: AppExc: 105:service_unexpected_exception["Cannot read properties of undefined (reading 'def0')"]
2026-07-26T13:02:16.493Z error: ADMIN$setStatus : 2026-07-26T13:02:01.062Z : SqliteError: no such table: $SUBSITEM
2026-07-26T13:02:16.522Z error: AppExc: 105:service_unexpected_exception["no such table: $SUBSITEM"]
2026-07-26T13:07:32.782Z error: ADMIN$setStatus : 2026-07-26T13:03:18.283Z : SqliteError: no such table: $SUBSITEM
2026-07-26T13:07:32.785Z error: AppExc: 105:service_unexpected_exception["no such table: $SUBSITEM"]
2026-07-26T13:12:10.677Z error: ADMIN$setStatus : 2026-07-26T13:11:43.363Z : SqliteError: no such column: org
2026-07-26T13:12:10.699Z error: AppExc: 105:service_unexpected_exception["no such column: org"]
2026-07-26T13:18:05.275Z error: ADMIN$setStatus : 2026-07-26T13:17:06.147Z : SqliteError: no such column: org
2026-07-26T13:18:05.292Z error: AppExc: 105:service_unexpected_exception["no such column: org"]
2026-07-26T13:19:35.235Z error: ADMIN$setStatus : 2026-07-26T13:19:09.685Z : SqliteError: no such column: org
2026-07-26T13:19:35.240Z error: AppExc: 105:service_unexpected_exception["no such column: org"]
2026-07-26T16:28:22.231Z error: AppExc: 105:masterdir_unexpected_exception["(intermediate value) is not iterable"]
2026-07-27T17:09:39.198Z error: AppExc: 105:masterdir_unexpected_exception["Cannot read properties of undefined (reading 'val')"]
2026-07-27T17:54:14.431Z error: AppExc: 105:masterdir_unexpected_exception["Cannot read properties of undefined (reading 'val')"]
2026-07-27T17:59:54.265Z error: AppExc: 105:masterdir_unexpected_exception["Cannot read properties of undefined (reading 'val')"]
2026-07-27T18:29:35.113Z error: AppExc: 105:masterdir_unexpected_exception["Cannot read properties of undefined (reading 'val')"]
2026-07-28T02:34:05.299Z error: AppExc: 105:masterdir_unexpected_exception["Cannot set properties of null (setting 'AS2')"]
2026-07-29T09:32:42.603Z error: FW$getStatus : 2026-07-29T09:32:17.656Z : AppExc: 103:not_configured_doc_class["AS2$Status"]
2026-07-29T09:32:42.621Z error: AppExc: 105:service_unexpected_exception["AppExc: 103:not_configured_doc_class[\"AS2$Status\"]"]
2026-07-29T12:43:21.648Z error: FW$setStatus : 2026-07-29T12:42:50.190Z : AppExc: 103:not_configured_doc_class["$Status"]
2026-07-29T12:43:21.650Z error: AppExc: 105:service_unexpected_exception["AppExc: 103:not_configured_doc_class[\"$Status\"]"]
2026-08-01T12:46:05.309Z error: FormCreateByU : 2026-08-01T12:46:05.254Z : AppExc: 103:not_configured_doc_class["AS2$Form"]
2026-08-01T12:46:05.327Z error: AppExc: 105:service_unexpected_exception["AppExc: 103:not_configured_doc_class[\"AS2$Form\"]"]
2026-08-01T12:59:20.284Z error: FormCreateByU : 2026-08-01T12:57:54.463Z : TypeError: Cannot read properties of undefined (reading 'creds')
2026-08-01T12:59:20.294Z error: AppExc: 105:service_unexpected_exception["Cannot read properties of undefined (reading 'creds')"]
2026-08-01T13:10:50.499Z error: MDEventFull : 2026-08-01T13:10:28.882Z : AppExc: 103:not_configured_doc_class["undefined$Form"]
2026-08-01T13:10:50.501Z error: AppExc: 105:service_unexpected_exception["AppExc: 103:not_configured_doc_class[\"undefined$Form\"]"]
2026-08-01T16:23:23.631Z error: FormFilteredList : 2026-08-01T16:23:23.619Z : SqliteError: no such table: $FORM
2026-08-01T16:23:23.680Z error: AppExc: 105:service_unexpected_exception["no such table: $FORM"]
2026-08-01T16:34:25.529Z error: FormFilteredList : 2026-08-01T16:31:27.717Z : AppExc: 103:not_configured_doc_class["$Form"]
2026-08-01T16:34:25.531Z error: AppExc: 105:service_unexpected_exception["AppExc: 103:not_configured_doc_class[\"$Form\"]"]
2026-08-01T17:07:58.399Z error: FormFilteredList : 2026-08-01T17:06:17.525Z : AppExc: 103:not_configured_doc_class["$Form"]
2026-08-01T17:07:58.401Z error: AppExc: 105:service_unexpected_exception["AppExc: 103:not_configured_doc_class[\"$Form\"]"]
2026-08-01T17:28:04.826Z error: FormFilteredList : 2026-08-01T17:27:53.521Z : AppExc: 103:not_configured_doc_class["$Form"]
2026-08-01T17:28:04.829Z error: AppExc: 105:service_unexpected_exception["AppExc: 103:not_configured_doc_class[\"$Form\"]"]
2026-08-01T17:36:36.736Z error: FormFilteredList : 2026-08-01T17:35:44.623Z : TypeError: Cannot read properties of undefined (reading 'substring')
2026-08-01T17:36:36.739Z error: AppExc: 105:service_unexpected_exception["Cannot read properties of undefined (reading 'substring')"]
2026-08-02T14:54:15.972Z error: FormUpdByT : 2026-08-02T14:53:54.926Z : TypeError: Cannot read properties of undefined (reading 'pkValue')
2026-08-02T14:54:15.975Z error: AppExc: 105:service_unexpected_exception["Cannot read properties of undefined (reading 'pkValue')"]
2026-08-02T15:08:39.976Z error: FormValidateByT : 2026-08-02T15:01:56.724Z : AppExc: 103:not_configured_doc_class["AS2$Credential_CoDir"]
2026-08-02T15:08:39.979Z error: AppExc: 105:service_unexpected_exception["AppExc: 103:not_configured_doc_class[\"AS2$Credential_CoDir\"]"]
2026-08-02T17:11:23.648Z error: AppExc: 108:remote_md_safes_access_exc@$CreateCred:["http://localhost:8080/safe","TypeError: fetch failed"]
2026-08-02T17:14:15.863Z error: AppExc: 108:remote_md_safes_access_exc@$CreateCred:["http://localhost:8080/safe","TypeError: fetch failed"]
2026-08-03T05:58:33.624Z error: AppExc: 105:safe_unexpected_exception["no such table: ZZSAFE"]
2026-08-03T06:12:43.602Z error: AppExc: 108:remote_md_safes_access_exc@$FixOneCred:["http://localhost:8080/safe","TypeError: fetch failed"]
2026-08-03T07:18:03.671Z error: AppExc: 108:remote_md_safes_access_exc@$mdUserGetICVS:["http://localhost:8080/master","AggregateError: connect ECONNREFUSED ::1:8080; connect ECONNREFUSED 127.0.0.1:8080"]
2026-08-03T07:18:03.674Z error: AppExc: 108:remote_md_safes_access_exc@$mdUserGetICVS:["http://localhost:8080/master","AggregateError: connect ECONNREFUSED ::1:8080; connect ECONNREFUSED 127.0.0.1:8080"]
2026-08-03T07:18:07.841Z error: AppExc: 108:remote_md_safes_access_exc@$mdUserGetICVS:["http://localhost:8080/master","AggregateError: connect ECONNREFUSED ::1:8080; connect ECONNREFUSED 127.0.0.1:8080"]
2026-08-03T07:18:07.843Z error: AppExc: 108:remote_md_safes_access_exc@$mdUserGetICVS:["http://localhost:8080/master","AggregateError: connect ECONNREFUSED ::1:8080; connect ECONNREFUSED 127.0.0.1:8080"]
2026-08-03T07:55:37.125Z error: GetCredProps : 2026-08-03T07:55:37.111Z : AppExc: 103:not_configured_doc_class["undefined$CoDir"]
2026-08-03T07:55:37.127Z error: AppExc: 105:service_unexpected_exception["AppExc: 103:not_configured_doc_class[\"undefined$CoDir\"]"]
2026-08-03T07:56:40.912Z error: GetCredProps : 2026-08-03T07:56:40.902Z : AppExc: 103:not_configured_doc_class["undefined$CoDir"]
2026-08-03T07:56:40.913Z error: AppExc: 105:service_unexpected_exception["AppExc: 103:not_configured_doc_class[\"undefined$CoDir\"]"]
2026-08-03T07:58:52.549Z error: GetCredProps : 2026-08-03T07:58:52.539Z : AppExc: 103:not_configured_doc_class["undefined$CoDir"]
2026-08-03T07:58:52.551Z error: AppExc: 105:service_unexpected_exception["AppExc: 103:not_configured_doc_class[\"undefined$CoDir\"]"]
2026-08-03T08:12:05.398Z error: GetCredProps : 2026-08-03T08:12:05.386Z : AppExc: 103:not_configured_doc_class["undefined$CoDir"]
2026-08-03T08:12:05.400Z error: AppExc: 105:service_unexpected_exception["AppExc: 103:not_configured_doc_class[\"undefined$CoDir\"]"]
2026-08-03T08:14:48.053Z error: GetCredProps : 2026-08-03T08:13:49.864Z : AppExc: 103:not_configured_doc_class["undefined$CoDir"]
2026-08-03T08:14:57.165Z error: AppExc: 105:service_unexpected_exception["AppExc: 103:not_configured_doc_class[\"undefined$CoDir\"]"]
2026-08-03T08:18:31.684Z error: GetCredProps : 2026-08-03T08:16:34.221Z : AppExc: 103:not_configured_doc_class["undefined$CoDir"]
2026-08-03T08:18:31.686Z error: AppExc: 105:service_unexpected_exception["AppExc: 103:not_configured_doc_class[\"undefined$CoDir\"]"]
2026-08-03T09:12:29.522Z error: AppExc: 108:remote_md_safes_access_exc@$Ping:["http://localhost:8092/safe","AggregateError: connect ECONNREFUSED ::1:8092; connect ECONNREFUSED 127.0.0.1:8092"]
2026-08-03T09:12:29.527Z error: GetCredProps : 2026-08-03T09:10:02.053Z : AppExc: 108:remote_md_safes_access_exc@$Ping:["http://localhost:8092/safe","AggregateError: connect ECONNREFUSED ::1:8092; connect ECONNREFUSED 127.0.0.1:8092"]
AggregateError: connect ECONNREFUSED ::1:8092; connect ECONNREFUSED 127.0.0.1:8092
    at AxiosError.from (D:\git\asocial2-srv\node_modules\axios\dist\node\axios.cjs:1478:24)
    at RedirectableRequest.handleRequestError (D:\git\asocial2-srv\node_modules\axios\dist\node\axios.cjs:4427:25)
    at RedirectableRequest.emit (node:events:530:35)
    at eventHandlers.<computed> (D:\git\asocial2-srv\node_modules\follow-redirects\index.js:56:24)
    at ClientRequest.emit (node:events:518:28)
    at emitErrorEvent (node:_http_client:104:11)
    at Socket.socketErrorListener (node:_http_client:518:5)
    at Socket.emit (node:events:530:35)
    at emitErrorNT (node:internal/streams/destroy:170:8)
    at emitErrorCloseNT (node:internal/streams/destroy:129:3)
    at Axios.request (D:\git\asocial2-srv\node_modules\axios\dist\node\axios.cjs:5864:41)
    at process.processTicksAndRejections (node:internal/process/task_queues:105:5)
    at async Function.postMDS (D:\git\asocial2-srv\src-fw\index.ts:562:26)
    at async Function.doSafeOp (D:\git\asocial2-srv\src-fw\index.ts:621:14)
    at async Function.getCVS (D:\git\asocial2-srv\src-fw\index.ts:609:20)
    at async AuthRecord.process (D:\git\asocial2-srv\src-fw\operation.ts:398:17)
    at async GetCredProps.transac (D:\git\asocial2-srv\src-fw\operation.ts:163:7)
    at async AppSQLiteConnexion.doTransaction (D:\git\asocial2-srv\src-sqlite\index.ts:493:7)
    at async GetCredProps.run (D:\git\asocial2-srv\src-fw\operation.ts:184:30)
    at async doOp (D:\git\asocial2-srv\src-fw\index.ts:388:5)
2026-08-03T11:54:06.831Z error: FormCreateByT : 2026-08-03T11:54:06.770Z : AppExc: 103:not_configured_doc_class["$Form"]
2026-08-03T11:54:06.861Z error: AppExc: 105:service_unexpected_exception["AppExc: 103:not_configured_doc_class[\"$Form\"]"]
2026-08-03T16:27:33.505Z error: FormValidateByU : 2026-08-03T16:26:55.542Z : TypeError: c.toEmbedCred is not a function
2026-08-03T16:27:33.528Z error: AppExc: 105:service_unexpected_exception["c.toEmbedCred is not a function"]
2026-08-04T06:45:46.977Z error: AppExc: 108:remote_md_safes_access_exc@$mdUserGetICVS:["http://localhost:8092/master","TypeError: fetch failed"]
2026-08-04T06:45:46.984Z error: FormValidateByT : 2026-08-04T06:45:38.377Z : AppExc: 108:remote_md_safes_access_exc@$mdUserGetICVS:["http://localhost:8092/master","TypeError: fetch failed"]
TypeError: fetch failed
    at node:internal/deps/undici/undici:13502:13
    at async Function.postMDS (D:\git\asocial2-srv\src-fw\index.ts:557:26)
    at async Function.doMDOp (D:\git\asocial2-srv\src-fw\index.ts:630:14)
    at async Function.getCVS (D:\git\asocial2-srv\src-fw\index.ts:604:22)
    at async AS2$Form_coauteur.uPub (D:\git\asocial2-srv\src-fw\documents.ts:475:17)
    at async AS2$Form_coauteur.cryptMsgT (D:\git\asocial2-srv\src-fw\documents.ts:503:19)
    at async FormValidateByT.phase2 (D:\git\asocial2-srv\src-fw\operations.ts:740:7)
    at async FormValidateByT.transac (D:\git\asocial2-srv\src-fw\operation.ts:164:5)
    at async AppSQLiteConnexion.doTransaction (D:\git\asocial2-srv\src-sqlite\index.ts:493:7)
    at async FormValidateByT.run (D:\git\asocial2-srv\src-fw\operation.ts:184:30)
2026-08-04T09:11:01.477Z error: ListManagers : 2026-08-04T09:09:17.648Z : TypeError: Cannot read properties of null (reading '0')
2026-08-04T09:11:01.506Z error: AppExc: 105:service_unexpected_exception["Cannot read properties of null (reading '0')"]
2026-08-04T09:11:42.513Z error: ListManagers : 2026-08-04T09:11:12.780Z : TypeError: Cannot read properties of null (reading '0')
2026-08-04T09:11:42.516Z error: AppExc: 105:service_unexpected_exception["Cannot read properties of null (reading '0')"]
2026-08-04T11:10:01.851Z error: UpdateCredential : 2026-08-04T11:09:48.834Z : AppExc: 103:not_configured_doc_class["$CoDir"]
2026-08-04T11:10:01.860Z error: AppExc: 105:service_unexpected_exception["AppExc: 103:not_configured_doc_class[\"$CoDir\"]"]
2026-08-05T09:55:21.939Z error: AppExc: 105:safe_unexpected_exception["op.doTheJob is not a function"]
2026-08-05T10:00:42.260Z error: AppExc: 105:safe_unexpected_exception["op.doTheJob is not a function"]
2026-08-05T10:01:33.948Z error: AppExc: 105:safe_unexpected_exception["op.doTheJob is not a function"]
2026-08-05T10:04:43.363Z error: AppExc: 105:safe_unexpected_exception["op.doTheJob is not a function"]
2026-08-05T10:04:43.378Z error: AppExc: 105:safe_unexpected_exception["op.doTheJob is not a function"]
2026-08-05T10:12:47.045Z error: AppExc: 105:safe_unexpected_exception["op.doTheJob is not a function"]
2026-08-05T10:12:47.055Z error: AppExc: 105:safe_unexpected_exception["op.doTheJob is not a function"]
2026-08-05T12:02:17.367Z error: AppExc: 105:safe_unexpected_exception["op.doTheJob is not a function"]
2026-08-05T12:08:59.457Z error: AppExc: 105:safe_unexpected_exception["op.doTheJob is not a function"]
2026-08-07T11:45:11.221Z error: MajAuteur : 2026-08-07T11:45:11.195Z : AppExc: 103:not_configured_doc_class["$SubsItem"]
2026-08-07T11:45:11.223Z error: AppExc: 105:service_unexpected_exception["AppExc: 103:not_configured_doc_class[\"$SubsItem\"]"]
2026-08-07T11:57:59.360Z error: MajAuteur : 2026-08-07T11:57:59.323Z : AppExc: 103:not_configured_doc_class["$SubsItem"]
Error: Captured for inspection
    at Function.get (D:\git\asocial2-srv\src-fw\docDescriptor.ts:80:21)
    at Function.getSessionIds (D:\git\asocial2-srv\src-fw\documents.ts:105:30)
    at Publisher.doSids (D:\git\asocial2-srv\src-fw\publisher.ts:120:40)
    at Publisher.publish (D:\git\asocial2-srv\src-fw\publisher.ts:104:16)
    at MajAuteur.run (D:\git\asocial2-srv\src-fw\operation.ts:216:67)
    at async doOp (D:\git\asocial2-srv\src-fw\index.ts:387:5)
    at async doSvcOp (D:\git\asocial2-srv\src-fw\index.ts:218:3)
    at async IncomingMessage.<anonymous> (D:\git\asocial2-srv\src-fw\index.ts:151:9)
2026-08-07T11:57:59.363Z error: AppExc: 105:service_unexpected_exception["AppExc: 103:not_configured_doc_class[\"$SubsItem\"]"]
2026-08-07T12:04:59.867Z error: MajAuteur : 2026-08-07T12:04:49.037Z : SqliteError: no such column: AS2$Auteur
2026-08-07T12:04:59.896Z error: AppExc: 105:service_unexpected_exception["no such column: AS2$Auteur"]
2026-08-07T13:10:53.512Z error: AppExc: 105:service_unexpected_exception["AppExc: 103:missing_argument[\"subsscription\"]"]
2026-08-07T13:16:41.014Z error: FW$setSubscription : 2026-08-07T13:15:16.808Z : SqliteError: table AS2$SUBSITEM has no column named sessionId
2026-08-07T13:16:41.016Z error: AppExc: 105:service_unexpected_exception["table AS2$SUBSITEM has no column named sessionId"]
2026-08-07T14:20:23.253Z error: FW$setSubscription : 2026-08-07T14:20:23.248Z : RangeError: Missing named parameter "sessionId"
2026-08-07T14:20:23.257Z error: AppExc: 105:service_unexpected_exception["Missing named parameter \"sessionId\""]
2026-08-07T14:28:13.131Z error: FW$setSubscription : 2026-08-07T14:24:10.281Z : RangeError: Missing named parameter "sessionId"
2026-08-07T14:28:13.134Z error: AppExc: 105:service_unexpected_exception["Missing named parameter \"sessionId\""]
2026-08-07T14:30:46.956Z error: FW$setSubscription : 2026-08-07T14:30:01.233Z : RangeError: Missing named parameter "sessionId"
2026-08-07T14:30:46.959Z error: AppExc: 105:service_unexpected_exception["Missing named parameter \"sessionId\""]
2026-08-07T15:17:25.003Z error: sendNotification: WebPushError: Received unexpected response code
2026-08-07T15:18:15.791Z error: sendNotification: WebPushError: Received unexpected response code
2026-08-07T15:18:47.519Z error: sendNotification: WebPushError: Received unexpected response code
2026-08-07T15:19:10.138Z error: sendNotification: WebPushError: Received unexpected response code
2026-08-07T15:20:21.343Z error: sendNotification: WebPushError: Received unexpected response code
2026-08-07T15:21:09.821Z error: sendNotification: WebPushError: Received unexpected response code
2026-08-07T15:21:50.073Z error: sendNotification: WebPushError: Received unexpected response code
2026-08-07T15:22:25.246Z error: AuteurDeId : 2026-08-07T15:22:25.236Z : AppExc: 103:missing_credential@AuteurDeId:[null,"Auteur","Qpj8HBSa-_TImW-5JCeu"]
2026-08-07T15:22:25.251Z error: AppExc: 105:service_unexpected_exception["AppExc: 103:missing_credential@AuteurDeId:[null,\"Auteur\",\"Qpj8HBSa-_TImW-5JCeu\"]"]
2026-08-07T15:23:21.364Z error: sendNotification: WebPushError: Received unexpected response code
2026-08-07T15:23:33.471Z error: sendNotification: WebPushError: Received unexpected response code
2026-08-07T15:28:19.965Z error: sendNotification: WebPushError: Received unexpected response code
2026-08-07T15:30:18.671Z error: sendNotification: WebPushError: Received unexpected response code
2026-08-07T15:39:48.963Z error: AuteurDeId : 2026-08-07T15:39:48.959Z : AppExc: 103:missing_credential@AuteurDeId:[null,"Auteur","Qpj8HBSa-_TImW-5JCeu"]
2026-08-07T15:39:48.965Z error: AppExc: 105:service_unexpected_exception["AppExc: 103:missing_credential@AuteurDeId:[null,\"Auteur\",\"Qpj8HBSa-_TImW-5JCeu\"]"]
2026-08-07T15:40:14.391Z error: sendNotification: WebPushError: Received unexpected response code
2026-08-07T15:40:50.744Z error: sendNotification: WebPushError: Received unexpected response code
2026-08-07T15:42:05.703Z error: sendNotification: WebPushError: Received unexpected response code
2026-08-07T15:42:46.182Z error: sendNotification: WebPushError: Received unexpected response code
2026-08-07T15:45:00.032Z error: sendNotification: WebPushError: Received unexpected response code
2026-08-07T15:45:19.414Z error: sendNotification: WebPushError: Received unexpected response code
2026-08-09T11:06:13.507Z error: AppExc: 105:credential_required_not_found@FW$Sync:["AS2","Auteur","Qpj8HBSa-_TImW-5JCeu"]
2026-08-09T11:06:13.509Z error: FW$Sync : 2026-08-09T11:04:49.210Z : AppExc: 105:credential_required_not_found@FW$Sync:["AS2","Auteur","Qpj8HBSa-_TImW-5JCeu"]
2026-08-09T11:06:13.511Z error: AppExc: 105:service_unexpected_exception["AppExc: 105:credential_required_not_found@FW$Sync:[\"AS2\",\"Auteur\",\"Qpj8HBSa-_TImW-5JCeu\"]"]
2026-08-09T11:07:36.888Z error: AppExc: 105:credential_required_not_found@FW$Sync:["AS2","Auteur","Qpj8HBSa-_TImW-5JCeu"]
2026-08-09T11:07:36.891Z error: FW$Sync : 2026-08-09T11:06:52.424Z : AppExc: 105:credential_required_not_found@FW$Sync:["AS2","Auteur","Qpj8HBSa-_TImW-5JCeu"]
2026-08-09T11:07:36.893Z error: AppExc: 105:service_unexpected_exception["AppExc: 105:credential_required_not_found@FW$Sync:[\"AS2\",\"Auteur\",\"Qpj8HBSa-_TImW-5JCeu\"]"]
2026-08-09T11:10:23.943Z error: FW$Sync : 2026-08-09T11:09:26.505Z : SqliteError: no such table: AUTEUR
2026-08-09T11:10:23.945Z error: AppExc: 105:service_unexpected_exception["no such table: AUTEUR"]
2026-08-12T06:05:59.928Z error: PropsOfMyCreds : 2026-08-12T06:05:59.910Z : RangeError: Offset is outside the bounds of the DataView
2026-08-12T06:05:59.938Z error: AppExc: 105:service_unexpected_exception["Offset is outside the bounds of the DataView"]
2026-08-12T06:15:36.845Z error: PropsOfMyCreds : 2026-08-12T06:08:37.211Z : AppExc: 101:operation_bad_credentials@PropsOfMyCreds:["Auteur/Qpj8HBSa-_TImW-5JCeu"]
2026-08-12T06:15:36.846Z error: AppExc: 105:service_unexpected_exception["AppExc: 101:operation_bad_credentials@PropsOfMyCreds:[\"Auteur/Qpj8HBSa-_TImW-5JCeu\"]"]
2026-08-12T06:28:56.424Z error: FW$setSubscription : 2026-08-12T06:28:40.518Z : RangeError: Missing named parameter "defs"
2026-08-12T06:28:56.444Z error: AppExc: 105:service_unexpected_exception["Missing named parameter \"defs\""]
2026-08-12T10:08:55.817Z error: FW$Sync : 2026-08-12T10:08:27.154Z : Error: Unsupported state or unable to authenticate data
2026-08-12T10:08:55.819Z error: AppExc: 105:service_unexpected_exception["Unsupported state or unable to authenticate data"]
2026-08-12T10:15:18.338Z error: FW$Sync : 2026-08-12T10:14:00.361Z : Error: Unsupported state or unable to authenticate data
2026-08-12T10:15:18.343Z error: AppExc: 105:service_unexpected_exception["Unsupported state or unable to authenticate data"]
2026-08-12T10:17:45.477Z error: PropsOfMyCreds : 2026-08-12T10:17:36.937Z : Error: Unsupported state or unable to authenticate data
2026-08-12T10:17:45.539Z error: AppExc: 105:service_unexpected_exception["Unsupported state or unable to authenticate data"]
2026-08-12T10:20:39.099Z error: PropsOfMyCreds : 2026-08-12T10:20:04.015Z : AppExc: 101:operation_bad_credentials@PropsOfMyCreds:["Auteur/Qpj8HBSa-_TImW-5JCeu"]
2026-08-12T10:20:39.101Z error: AppExc: 105:service_unexpected_exception["AppExc: 101:operation_bad_credentials@PropsOfMyCreds:[\"Auteur/Qpj8HBSa-_TImW-5JCeu\"]"]
2026-08-12T10:27:05.500Z error: FormFilteredList : 2026-08-12T10:26:52.215Z : Error: Unsupported state or unable to authenticate data
2026-08-12T10:27:05.534Z error: AppExc: 105:service_unexpected_exception["Unsupported state or unable to authenticate data"]
2026-08-12T10:31:28.513Z error: FW$setSubscription : 2026-08-12T10:30:27.962Z : SqliteError: UNIQUE constraint failed: AS2$SUBS.org, AS2$SUBS.pk
2026-08-12T10:31:28.516Z error: AppExc: 105:service_unexpected_exception["UNIQUE constraint failed: AS2$SUBS.org, AS2$SUBS.pk"]
